{"apply_at_local":1778689802,"now_unix":1778689802,"path":"/task_create","replica_index":0,"request":{"agent_id":"human","serial":1,"spec":{"depth":0,"prompt":"Build a Python CLI calculator. Decompose into two implement tasks: (1) calc/ops.py with add/sub/mul/div pure functions and tests in tests/test_ops.py; (2) calc/repl.py providing a REPL that uses calc.ops, with tests in tests/test_repl.py covering one happy-path interaction. branch_base for both is main. The calculator must run end-to-end: `python -m calc.repl` should accept input lines like '1 + 2' and print results.","requires":[],"title":"Build a CLI calculator","type":"plan"}},"seq":1}
{"apply_at_local":1778689928,"now_unix":1778689928,"path":"/task_claim","replica_index":0,"request":{"agent_id":"agent-1","serial":796921286},"seq":2}
{"apply_at_local":1778689931,"now_unix":1778689931,"path":"/task_heartbeat","replica_index":0,"request":{"agent_id":"agent-1","id":"t/0001","serial":65688995,"token":1},"seq":3}
{"apply_at_local":1778689932,"now_unix":1778689932,"path":"/task_claim","replica_index":0,"request":{"agent_id":"agent-2","serial":485870304},"seq":4}
{"apply_at_local":1778689936,"now_unix":1778689936,"path":"/task_claim","replica_index":0,"request":{"agent_id":"agent-3","serial":628965828},"seq":5}
{"apply_at_local":1778689936,"now_unix":1778689936,"path":"/task_claim","replica_index":0,"request":{"agent_id":"agent-2","serial":403832741},"seq":6}
{"apply_at_local":1778689938,"now_unix":1778689938,"path":"/task_claim","replica_index":0,"request":{"agent_id":"agent-3","serial":131637730},"seq":7}
{"apply_at_local":1778689941,"now_unix":1778689941,"path":"/task_heartbeat","replica_index":0,"request":{"agent_id":"agent-1","id":"t/0001","serial":539850573,"token":1},"seq":8}
{"apply_at_local":1778689946,"now_unix":1778689946,"path":"/task_claim","replica_index":0,"request":{"agent_id":"agent-2","serial":1060643546},"seq":9}
{"apply_at_local":1778689949,"now_unix":1778689949,"path":"/task_claim","replica_index":0,"request":{"agent_id":"agent-3","serial":121858361},"seq":10}
{"apply_at_local":1778689952,"now_unix":1778689952,"path":"/task_heartbeat","replica_index":0,"request":{"agent_id":"agent-1","id":"t/0001","serial":917822635,"token":1},"seq":11}
{"apply_at_local":1778689956,"now_unix":1778689956,"path":"/task_claim","replica_index":0,"request":{"agent_id":"agent-2","serial":649281871},"seq":12}
{"apply_at_local":1778689959,"now_unix":1778689959,"path":"/task_claim","replica_index":0,"request":{"agent_id":"agent-3","serial":25943047},"seq":13}
{"apply_at_local":1778689962,"now_unix":1778689962,"path":"/task_heartbeat","replica_index":0,"request":{"agent_id":"agent-1","id":"t/0001","serial":943840939,"token":1},"seq":14}
{"apply_at_local":1778689963,"now_unix":1778689963,"path":"/task_complete","replica_index":0,"request":{"agent_id":"agent-1","id":"t/0001","new_children":[{"branch_base":"main","depth":0,"prompt":"Implement calc/ops.py with add, sub, mul, div pure functions. Also write tests in tests/test_ops.py covering all four operations including division by zero. The module should be importable as calc.ops.","requires":[],"title":"Implement calc/ops.py with pure functions and tests","type":"implement"},{"branch_base":"main","depth":0,"prompt":"Implement calc/repl.py providing a REPL that imports and uses calc.ops. Running `python -m calc.repl` should accept input lines like '1 + 2' and print results. Write tests in tests/test_repl.py covering at least one happy-path interaction. Also add calc/__init__.py if needed.","requires":[],"title":"Implement calc/repl.py REPL with tests","type":"implement"}],"result_summary":"Decomposed CLI calculator into 2 implement tasks: ops.py functions and repl.py REPL","serial":762565653,"token":1},"seq":15}
{"apply_at_local":1778689967,"now_unix":1778689967,"path":"/task_claim","replica_index":0,"request":{"agent_id":"agent-2","serial":661335523},"seq":16}
{"apply_at_local":1778689973,"now_unix":1778689973,"path":"/task_claim","replica_index":0,"request":{"agent_id":"agent-3","serial":265209936},"seq":17}
{"apply_at_local":1778689977,"now_unix":1778689977,"path":"/task_heartbeat","replica_index":0,"request":{"agent_id":"agent-2","id":"t/0002","serial":392767589,"token":2},"seq":18}
{"apply_at_local":1778689981,"now_unix":1778689981,"path":"/task_claim","replica_index":0,"request":{"agent_id":"agent-1","serial":616224351},"seq":19}
{"apply_at_local":1778689981,"now_unix":1778689981,"path":"/task_heartbeat","replica_index":0,"request":{"agent_id":"agent-3","id":"t/0003","serial":679764160,"token":3},"seq":20}
{"apply_at_local":1778689984,"now_unix":1778689984,"path":"/task_claim","replica_index":0,"request":{"agent_id":"agent-1","serial":294162191},"seq":21}
{"apply_at_local":1778689987,"now_unix":1778689987,"path":"/task_heartbeat","replica_index":0,"request":{"agent_id":"agent-2","id":"t/0002","serial":551930386,"token":2},"seq":22}
{"apply_at_local":1778689991,"now_unix":1778689991,"path":"/task_heartbeat","replica_index":0,"request":{"agent_id":"agent-3","id":"t/0003","serial":496463034,"token":3},"seq":23}
{"apply_at_local":1778689994,"now_unix":1778689994,"path":"/task_claim","replica_index":0,"request":{"agent_id":"agent-1","serial":494830532},"seq":24}
{"apply_at_local":1778689997,"now_unix":1778689997,"path":"/task_heartbeat","replica_index":0,"request":{"agent_id":"agent-2","id":"t/0002","serial":189382840,"token":2},"seq":25}
{"apply_at_local":1778690001,"now_unix":1778690001,"path":"/task_heartbeat","replica_index":0,"request":{"agent_id":"agent-3","id":"t/0003","serial":630003770,"token":3},"seq":26}
{"apply_at_local":1778690004,"now_unix":1778690004,"path":"/task_claim","replica_index":0,"request":{"agent_id":"agent-1","serial":614784761},"seq":27}
{"apply_at_local":1778690007,"now_unix":1778690007,"path":"/task_heartbeat","replica_index":0,"request":{"agent_id":"agent-2","id":"t/0002","serial":997957485,"token":2},"seq":28}
{"apply_at_local":1778690011,"now_unix":1778690011,"path":"/task_heartbeat","replica_index":0,"request":{"agent_id":"agent-3","id":"t/0003","serial":376306636,"token":3},"seq":29}
{"apply_at_local":1778690014,"now_unix":1778690014,"path":"/task_claim","replica_index":0,"request":{"agent_id":"agent-1","serial":467071567},"seq":30}
{"apply_at_local":1778690017,"now_unix":1778690017,"path":"/task_heartbeat","replica_index":0,"request":{"agent_id":"agent-2","id":"t/0002","serial":330480784,"token":2},"seq":31}
{"apply_at_local":1778690021,"now_unix":1778690021,"path":"/task_heartbeat","replica_index":0,"request":{"agent_id":"agent-3","id":"t/0003","serial":678093108,"token":3},"seq":32}
{"apply_at_local":1778690025,"now_unix":1778690024,"path":"/task_claim","replica_index":0,"request":{"agent_id":"agent-1","serial":377193200},"seq":33}
{"apply_at_local":1778690028,"now_unix":1778690027,"path":"/task_heartbeat","replica_index":0,"request":{"agent_id":"agent-2","id":"t/0002","serial":190115222,"token":2},"seq":34}
{"apply_at_local":1778690032,"now_unix":1778690032,"path":"/task_heartbeat","replica_index":0,"request":{"agent_id":"agent-3","id":"t/0003","serial":722914508,"token":3},"seq":35}
{"apply_at_local":1778690035,"now_unix":1778690035,"path":"/task_claim","replica_index":0,"request":{"agent_id":"agent-1","serial":404367735},"seq":36}
{"apply_at_local":1778690038,"now_unix":1778690038,"path":"/task_heartbeat","replica_index":0,"request":{"agent_id":"agent-2","id":"t/0002","serial":35979806,"token":2},"seq":37}
{"apply_at_local":1778690042,"now_unix":1778690042,"path":"/task_heartbeat","replica_index":0,"request":{"agent_id":"agent-3","id":"t/0003","serial":531878023,"token":3},"seq":38}
{"apply_at_local":1778690045,"now_unix":1778690045,"path":"/task_claim","replica_index":0,"request":{"agent_id":"agent-1","serial":145116695},"seq":39}
{"apply_at_local":1778690048,"now_unix":1778690048,"path":"/task_heartbeat","replica_index":0,"request":{"agent_id":"agent-2","id":"t/0002","serial":159959738,"token":2},"seq":40}
{"apply_at_local":1778690051,"now_unix":1778690051,"path":"/task_complete","replica_index":0,"request":{"agent_id":"agent-2","id":"t/0002","result_branch":"0839f7bd0b869962e78e4ac205be4289510f9b94","result_summary":"Shipped calc/ops.py with add/sub/mul/div pure functions and tests/test_ops.py with 5 passing tests including division-by-zero on branch task/t/0002 @ 0839f7bd0b869962e78e4ac205be4289510f9b94.","serial":627702071,"token":2},"seq":41}
{"apply_at_local":1778690052,"now_unix":1778690052,"path":"/task_heartbeat","replica_index":0,"request":{"agent_id":"agent-3","id":"t/0003","serial":568545756,"token":3},"seq":42}
{"apply_at_local":1778690055,"now_unix":1778690055,"path":"/task_claim","replica_index":0,"request":{"agent_id":"agent-1","serial":760080319},"seq":43}
{"apply_at_local":1778690062,"now_unix":1778690062,"path":"/task_heartbeat","replica_index":0,"request":{"agent_id":"agent-3","id":"t/0003","serial":55949492,"token":3},"seq":44}
{"apply_at_local":1778690063,"now_unix":1778690063,"path":"/task_heartbeat","replica_index":0,"request":{"agent_id":"agent-1","id":"t/0004","serial":408857271,"token":4},"seq":45}
{"apply_at_local":1778690064,"now_unix":1778690064,"path":"/task_claim","replica_index":0,"request":{"agent_id":"agent-2","serial":135991018},"seq":46}
{"apply_at_local":1778690068,"now_unix":1778690068,"path":"/task_claim","replica_index":0,"request":{"agent_id":"agent-2","serial":512496850},"seq":47}
{"apply_at_local":1778690072,"now_unix":1778690072,"path":"/task_heartbeat","replica_index":0,"request":{"agent_id":"agent-3","id":"t/0003","serial":850429719,"token":3},"seq":48}
{"apply_at_local":1778690073,"now_unix":1778690073,"path":"/task_heartbeat","replica_index":0,"request":{"agent_id":"agent-1","id":"t/0004","serial":567830232,"token":4},"seq":49}
{"apply_at_local":1778690075,"now_unix":1778690075,"path":"/task_complete","replica_index":0,"request":{"agent_id":"agent-3","id":"t/0003","result_branch":"d0f8848fe2710f226d85b9f69d331fc34adacadb","result_summary":"Shipped Implement calc/repl.py REPL with tests on branch task/t/0003 @ d0f8848fe2710f226d85b9f69d331fc34adacadb.","serial":609020795,"token":3},"seq":50}
{"apply_at_local":1778690078,"now_unix":1778690078,"path":"/task_claim","replica_index":0,"request":{"agent_id":"agent-2","serial":113417391},"seq":51}
{"apply_at_local":1778690083,"now_unix":1778690083,"path":"/task_heartbeat","replica_index":0,"request":{"agent_id":"agent-1","id":"t/0004","serial":946656322,"token":4},"seq":52}
{"apply_at_local":1778690086,"now_unix":1778690086,"path":"/task_heartbeat","replica_index":0,"request":{"agent_id":"agent-2","id":"t/0005","serial":501863950,"token":5},"seq":53}
{"apply_at_local":1778690089,"now_unix":1778690089,"path":"/task_claim","replica_index":0,"request":{"agent_id":"agent-3","serial":561610293},"seq":54}
{"apply_at_local":1778690092,"now_unix":1778690092,"path":"/main_lock_acquire","replica_index":0,"request":{"agent_id":"agent-1","merge_task":"t/0004","merge_token":4,"serial":15308469},"seq":55}
{"apply_at_local":1778690092,"now_unix":1778690092,"path":"/task_claim","replica_index":0,"request":{"agent_id":"agent-3","serial":295016887},"seq":56}
{"apply_at_local":1778690093,"now_unix":1778690093,"path":"/task_heartbeat","replica_index":0,"request":{"agent_id":"agent-1","id":"t/0004","serial":614395292,"token":4},"seq":57}
{"apply_at_local":1778690096,"now_unix":1778690096,"path":"/task_heartbeat","replica_index":0,"request":{"agent_id":"agent-2","id":"t/0005","serial":385001901,"token":5},"seq":58}
{"apply_at_local":1778690101,"now_unix":1778690101,"path":"/main_lock_release","replica_index":0,"request":{"agent_id":"agent-1","lock_token":6,"serial":189108980},"seq":59}
{"apply_at_local":1778690101,"now_unix":1778690101,"path":"/task_complete","replica_index":0,"request":{"agent_id":"agent-1","id":"t/0004","result_branch":"0839f7bd0b869962e78e4ac205be4289510f9b94","result_summary":"Merged 0839f7bd0b869962e78e4ac205be4289510f9b94 into main; new HEAD 0839f7bd0b869962e78e4ac205be4289510f9b94.","serial":576178651,"token":4},"seq":60}
{"apply_at_local":1778690102,"now_unix":1778690102,"path":"/task_claim","replica_index":0,"request":{"agent_id":"agent-3","serial":838016463},"seq":61}
{"apply_at_local":1778690106,"now_unix":1778690106,"path":"/task_heartbeat","replica_index":0,"request":{"agent_id":"agent-2","id":"t/0005","serial":131745393,"token":5},"seq":62}
{"apply_at_local":1778690112,"now_unix":1778690112,"path":"/task_claim","replica_index":0,"request":{"agent_id":"agent-1","serial":814988044},"seq":63}
{"apply_at_local":1778690113,"now_unix":1778690112,"path":"/task_claim","replica_index":0,"request":{"agent_id":"agent-3","serial":606001417},"seq":64}
{"apply_at_local":1778690115,"now_unix":1778690115,"path":"/task_claim","replica_index":0,"request":{"agent_id":"agent-1","serial":911214888},"seq":65}
{"apply_at_local":1778690116,"now_unix":1778690116,"path":"/task_heartbeat","replica_index":0,"request":{"agent_id":"agent-2","id":"t/0005","serial":710137029,"token":5},"seq":66}
{"apply_at_local":1778690123,"now_unix":1778690123,"path":"/task_claim","replica_index":0,"request":{"agent_id":"agent-3","serial":323419672},"seq":67}
{"apply_at_local":1778690125,"now_unix":1778690125,"path":"/task_claim","replica_index":0,"request":{"agent_id":"agent-1","serial":619147631},"seq":68}
{"apply_at_local":1778690125,"now_unix":1778690125,"path":"/main_lock_acquire","replica_index":0,"request":{"agent_id":"agent-2","merge_task":"t/0005","merge_token":5,"serial":366872366},"seq":69}
{"apply_at_local":1778690126,"now_unix":1778690126,"path":"/task_heartbeat","replica_index":0,"request":{"agent_id":"agent-2","id":"t/0005","serial":452677410,"token":5},"seq":70}
{"apply_at_local":1778690133,"now_unix":1778690133,"path":"/main_lock_release","replica_index":0,"request":{"agent_id":"agent-2","lock_token":7,"serial":74709810},"seq":71}
{"apply_at_local":1778690133,"now_unix":1778690133,"path":"/task_claim","replica_index":0,"request":{"agent_id":"agent-3","serial":573734164},"seq":72}
{"apply_at_local":1778690135,"now_unix":1778690135,"path":"/task_claim","replica_index":0,"request":{"agent_id":"agent-1","serial":34313520},"seq":73}
{"apply_at_local":1778690136,"now_unix":1778690136,"path":"/task_heartbeat","replica_index":0,"request":{"agent_id":"agent-2","id":"t/0005","serial":582092896,"token":5},"seq":74}
{"apply_at_local":1778690143,"now_unix":1778690143,"path":"/task_claim","replica_index":0,"request":{"agent_id":"agent-3","serial":492542816},"seq":75}
{"apply_at_local":1778690145,"now_unix":1778690145,"path":"/task_claim","replica_index":0,"request":{"agent_id":"agent-1","serial":620163234},"seq":76}
{"apply_at_local":1778690146,"now_unix":1778690145,"path":"/main_lock_acquire","replica_index":0,"request":{"agent_id":"agent-2","merge_task":"t/0005","merge_token":5,"serial":34363774},"seq":77}
{"apply_at_local":1778690147,"now_unix":1778690147,"path":"/task_heartbeat","replica_index":0,"request":{"agent_id":"agent-2","id":"t/0005","serial":169153732,"token":5},"seq":78}
{"apply_at_local":1778690153,"now_unix":1778690153,"path":"/task_claim","replica_index":0,"request":{"agent_id":"agent-3","serial":821261290},"seq":79}
{"apply_at_local":1778690155,"now_unix":1778690155,"path":"/task_claim","replica_index":0,"request":{"agent_id":"agent-1","serial":91830156},"seq":80}
{"apply_at_local":1778690157,"now_unix":1778690157,"path":"/task_heartbeat","replica_index":0,"request":{"agent_id":"agent-2","id":"t/0005","serial":874815513,"token":5},"seq":81}
{"apply_at_local":1778690163,"now_unix":1778690163,"path":"/task_claim","replica_index":0,"request":{"agent_id":"agent-3","serial":659308702},"seq":82}
{"apply_at_local":1778690165,"now_unix":1778690165,"path":"/task_claim","replica_index":0,"request":{"agent_id":"agent-1","serial":366739162},"seq":83}
{"apply_at_local":1778690167,"now_unix":1778690167,"path":"/task_heartbeat","replica_index":0,"request":{"agent_id":"agent-2","id":"t/0005","serial":193872685,"token":5},"seq":84}
{"apply_at_local":1778690173,"now_unix":1778690173,"path":"/task_claim","replica_index":0,"request":{"agent_id":"agent-3","serial":250082065},"seq":85}
{"apply_at_local":1778690176,"now_unix":1778690175,"path":"/task_claim","replica_index":0,"request":{"agent_id":"agent-1","serial":982455602},"seq":86}
{"apply_at_local":1778690178,"now_unix":1778690177,"path":"/task_heartbeat","replica_index":0,"request":{"agent_id":"agent-2","id":"t/0005","serial":1022977838,"token":5},"seq":87}
{"apply_at_local":1778690184,"now_unix":1778690183,"path":"/task_claim","replica_index":0,"request":{"agent_id":"agent-3","serial":711117671},"seq":88}
{"apply_at_local":1778690185,"now_unix":1778690185,"path":"/main_lock_release","replica_index":0,"request":{"agent_id":"agent-2","lock_token":8,"serial":1041776730},"seq":89}
{"apply_at_local":1778690185,"now_unix":1778690185,"path":"/task_complete","replica_index":0,"request":{"agent_id":"agent-2","id":"t/0005","result_branch":"2ac0cd54b088598f4bb3db4b8e6626c3771d1df2","result_summary":"Merged d0f8848fe2710f226d85b9f69d331fc34adacadb into main; new HEAD 2ac0cd54b088598f4bb3db4b8e6626c3771d1df2.","serial":500762518,"token":5},"seq":90}
{"apply_at_local":1778690186,"now_unix":1778690186,"path":"/task_claim","replica_index":0,"request":{"agent_id":"agent-1","serial":540044429},"seq":91}
{"apply_at_local":1778690194,"now_unix":1778690194,"path":"/task_claim","replica_index":0,"request":{"agent_id":"agent-3","serial":807923229},"seq":92}
{"apply_at_local":1778690195,"now_unix":1778690195,"path":"/task_claim","replica_index":0,"request":{"agent_id":"agent-2","serial":507422465},"seq":93}
{"apply_at_local":1778690196,"now_unix":1778690196,"path":"/task_claim","replica_index":0,"request":{"agent_id":"agent-1","serial":466943494},"seq":94}
{"apply_at_local":1778690204,"now_unix":1778690204,"path":"/task_claim","replica_index":0,"request":{"agent_id":"agent-3","serial":551185810},"seq":95}
{"apply_at_local":1778690206,"now_unix":1778690206,"path":"/task_claim","replica_index":0,"request":{"agent_id":"agent-1","serial":484988232},"seq":96}
{"apply_at_local":1778690215,"now_unix":1778690215,"path":"/task_claim","replica_index":0,"request":{"agent_id":"agent-3","serial":709519161},"seq":97}
{"apply_at_local":1778690216,"now_unix":1778690216,"path":"/task_claim","replica_index":0,"request":{"agent_id":"agent-1","serial":564937853},"seq":98}
