{"apply_at_local":1778697649,"now_unix":1778697649,"path":"/task_create","replica_index":1,"request":{"agent_id":"human","serial":1,"spec":{"depth":0,"prompt":"Build a Python CLI calculator. Decompose into two implement tasks: (1) calc/ops.py with add/sub/mul/div pure functions and tests in tests/test_ops.py; (2) calc/repl.py providing a REPL that uses calc.ops, with tests in tests/test_repl.py covering one happy-path interaction. branch_base for both is main. The calculator must run end-to-end: `python -m calc.repl` should accept input lines like '1 + 2' and print results.","requires":[],"title":"Build a CLI calculator","type":"plan"}},"seq":1}
{"apply_at_local":1778697711,"now_unix":1778697711,"path":"/task_claim","replica_index":1,"request":{"agent_id":"agent-1","serial":293591668},"seq":2}
{"apply_at_local":1778697714,"now_unix":1778697714,"path":"/task_heartbeat","replica_index":1,"request":{"agent_id":"agent-1","id":"t/0001","serial":227920515,"token":1},"seq":3}
{"apply_at_local":1778697716,"now_unix":1778697716,"path":"/task_claim","replica_index":1,"request":{"agent_id":"agent-2","serial":1051987484},"seq":4}
{"apply_at_local":1778697719,"now_unix":1778697719,"path":"/task_claim","replica_index":1,"request":{"agent_id":"agent-2","serial":842640242},"seq":5}
{"apply_at_local":1778697724,"now_unix":1778697724,"path":"/task_claim","replica_index":1,"request":{"agent_id":"agent-3","serial":192578498},"seq":6}
{"apply_at_local":1778697725,"now_unix":1778697724,"path":"/task_heartbeat","replica_index":1,"request":{"agent_id":"agent-1","id":"t/0001","serial":94230338,"token":1},"seq":7}
{"apply_at_local":1778697728,"now_unix":1778697728,"path":"/task_claim","replica_index":1,"request":{"agent_id":"agent-3","serial":233304486},"seq":8}
{"apply_at_local":1778697729,"now_unix":1778697729,"path":"/task_claim","replica_index":1,"request":{"agent_id":"agent-2","serial":534275350},"seq":9}
{"apply_at_local":1778697735,"now_unix":1778697735,"path":"/task_heartbeat","replica_index":1,"request":{"agent_id":"agent-1","id":"t/0001","serial":654683613,"token":1},"seq":10}
{"apply_at_local":1778697738,"now_unix":1778697738,"path":"/task_claim","replica_index":1,"request":{"agent_id":"agent-3","serial":1042354690},"seq":11}
{"apply_at_local":1778697739,"now_unix":1778697739,"path":"/task_claim","replica_index":1,"request":{"agent_id":"agent-2","serial":543047921},"seq":12}
{"apply_at_local":1778697745,"now_unix":1778697745,"path":"/task_heartbeat","replica_index":1,"request":{"agent_id":"agent-1","id":"t/0001","serial":498729838,"token":1},"seq":13}
{"apply_at_local":1778697748,"now_unix":1778697747,"path":"/task_complete","replica_index":1,"request":{"agent_id":"agent-1","id":"t/0001","new_children":[{"branch_base":"main","depth":0,"prompt":"Implement add, sub, mul, div as pure functions in calc/ops.py. Write unit tests in tests/test_ops.py. branch_base: main. The module must be importable as `from calc.ops import add, sub, mul, div`. Tests must pass with pytest.","requires":[],"title":"calc/ops.py — pure arithmetic functions + tests","type":"implement"},{"branch_base":"main","depth":0,"prompt":"Implement a REPL in calc/repl.py that reads lines like \"1 + 2\" from stdin, uses calc.ops to compute the result, and prints it. Must be runnable as `python -m calc.repl`. Write tests in tests/test_repl.py covering one happy-path interaction. branch_base: main. Requires calc/ops.py to be importable (it will be available at merge time).","requires":[],"title":"calc/repl.py — interactive REPL + tests","type":"implement"}],"result_summary":"Decomposed into 2 implement tasks: ops and repl","serial":572531616,"token":1},"seq":14}
{"apply_at_local":1778697748,"now_unix":1778697748,"path":"/task_claim","replica_index":1,"request":{"agent_id":"agent-3","serial":143071609},"seq":15}
{"apply_at_local":1778697749,"now_unix":1778697749,"path":"/task_claim","replica_index":1,"request":{"agent_id":"agent-2","serial":140298501},"seq":16}
{"apply_at_local":1778697755,"now_unix":1778697755,"path":"/task_heartbeat","replica_index":1,"request":{"agent_id":"agent-3","id":"t/0002","serial":836230484,"token":2},"seq":17}
{"apply_at_local":1778697757,"now_unix":1778697757,"path":"/task_heartbeat","replica_index":1,"request":{"agent_id":"agent-2","id":"t/0003","serial":165423482,"token":3},"seq":18}
{"apply_at_local":1778697761,"now_unix":1778697760,"path":"/task_claim","replica_index":1,"request":{"agent_id":"agent-1","serial":488561834},"seq":19}
{"apply_at_local":1778697764,"now_unix":1778697764,"path":"/task_claim","replica_index":1,"request":{"agent_id":"agent-1","serial":1061815727},"seq":20}
{"apply_at_local":1778697765,"now_unix":1778697765,"path":"/task_heartbeat","replica_index":1,"request":{"agent_id":"agent-3","id":"t/0002","serial":593271272,"token":2},"seq":21}
{"apply_at_local":1778697776,"now_unix":1778697767,"path":"/task_heartbeat","replica_index":1,"request":{"agent_id":"agent-2","id":"t/0003","serial":30184873,"token":3},"seq":22}
{"apply_at_local":1778697776,"now_unix":1778697774,"path":"/task_claim","replica_index":1,"request":{"agent_id":"agent-1","serial":867154806},"seq":23}
{"apply_at_local":1778697776,"now_unix":1778697775,"path":"/task_heartbeat","replica_index":1,"request":{"agent_id":"agent-3","id":"t/0002","serial":240223776,"token":2},"seq":24}
{"apply_at_local":1778697777,"now_unix":1778697777,"path":"/task_heartbeat","replica_index":1,"request":{"agent_id":"agent-2","id":"t/0003","serial":580787104,"token":3},"seq":25}
{"apply_at_local":1778697784,"now_unix":1778697784,"path":"/task_claim","replica_index":1,"request":{"agent_id":"agent-1","serial":267301834},"seq":26}
{"apply_at_local":1778697785,"now_unix":1778697785,"path":"/task_heartbeat","replica_index":1,"request":{"agent_id":"agent-3","id":"t/0002","serial":943461921,"token":2},"seq":27}
{"apply_at_local":1778697787,"now_unix":1778697787,"path":"/task_heartbeat","replica_index":1,"request":{"agent_id":"agent-2","id":"t/0003","serial":947627446,"token":3},"seq":28}
{"apply_at_local":1778697794,"now_unix":1778697794,"path":"/task_claim","replica_index":1,"request":{"agent_id":"agent-1","serial":27075128},"seq":29}
{"apply_at_local":1778697795,"now_unix":1778697795,"path":"/task_heartbeat","replica_index":1,"request":{"agent_id":"agent-3","id":"t/0002","serial":122914567,"token":2},"seq":30}
{"apply_at_local":1778697797,"now_unix":1778697797,"path":"/task_heartbeat","replica_index":1,"request":{"agent_id":"agent-2","id":"t/0003","serial":468445192,"token":3},"seq":31}
{"apply_at_local":1778697804,"now_unix":1778697804,"path":"/task_claim","replica_index":1,"request":{"agent_id":"agent-1","serial":240418953},"seq":32}
{"apply_at_local":1778697805,"now_unix":1778697805,"path":"/task_heartbeat","replica_index":1,"request":{"agent_id":"agent-3","id":"t/0002","serial":366954646,"token":2},"seq":33}
{"apply_at_local":1778697807,"now_unix":1778697807,"path":"/task_heartbeat","replica_index":1,"request":{"agent_id":"agent-2","id":"t/0003","serial":798840209,"token":3},"seq":34}
{"apply_at_local":1778697814,"now_unix":1778697814,"path":"/task_claim","replica_index":1,"request":{"agent_id":"agent-1","serial":95537369},"seq":35}
{"apply_at_local":1778697816,"now_unix":1778697816,"path":"/task_heartbeat","replica_index":1,"request":{"agent_id":"agent-3","id":"t/0002","serial":454672928,"token":2},"seq":36}
{"apply_at_local":1778697818,"now_unix":1778697818,"path":"/task_heartbeat","replica_index":1,"request":{"agent_id":"agent-2","id":"t/0003","serial":955970798,"token":3},"seq":37}
{"apply_at_local":1778697825,"now_unix":1778697825,"path":"/task_claim","replica_index":1,"request":{"agent_id":"agent-1","serial":521050951},"seq":38}
{"apply_at_local":1778697826,"now_unix":1778697826,"path":"/task_heartbeat","replica_index":1,"request":{"agent_id":"agent-3","id":"t/0002","serial":598983147,"token":2},"seq":39}
{"apply_at_local":1778697828,"now_unix":1778697828,"path":"/task_heartbeat","replica_index":1,"request":{"agent_id":"agent-2","id":"t/0003","serial":183898783,"token":3},"seq":40}
{"apply_at_local":1778697834,"now_unix":1778697834,"path":"/task_complete","replica_index":1,"request":{"agent_id":"agent-3","id":"t/0002","result_branch":"d02cb251e7898da2d1d241907fd879cc180a0597","result_summary":"Shipped calc/ops.py — pure arithmetic functions + tests on branch task/t/0002 @ d02cb251e7898da2d1d241907fd879cc180a0597.","serial":936673698,"token":2},"seq":41}
{"apply_at_local":1778697835,"now_unix":1778697835,"path":"/task_claim","replica_index":1,"request":{"agent_id":"agent-1","serial":222765298},"seq":42}
{"apply_at_local":1778697838,"now_unix":1778697838,"path":"/task_heartbeat","replica_index":1,"request":{"agent_id":"agent-2","id":"t/0003","serial":995491804,"token":3},"seq":43}
{"apply_at_local":1778697841,"now_unix":1778697841,"path":"/task_heartbeat","replica_index":1,"request":{"agent_id":"agent-1","id":"t/0004","serial":751452277,"token":4},"seq":44}
{"apply_at_local":1778697847,"now_unix":1778697847,"path":"/task_claim","replica_index":1,"request":{"agent_id":"agent-3","serial":121795203},"seq":45}
{"apply_at_local":1778697848,"now_unix":1778697848,"path":"/task_heartbeat","replica_index":1,"request":{"agent_id":"agent-2","id":"t/0003","serial":233076671,"token":3},"seq":46}
{"apply_at_local":1778697851,"now_unix":1778697851,"path":"/task_claim","replica_index":1,"request":{"agent_id":"agent-3","serial":902729924},"seq":47}
{"apply_at_local":1778697851,"now_unix":1778697851,"path":"/task_heartbeat","replica_index":1,"request":{"agent_id":"agent-1","id":"t/0004","serial":253223301,"token":4},"seq":48}
{"apply_at_local":1778697858,"now_unix":1778697858,"path":"/task_heartbeat","replica_index":1,"request":{"agent_id":"agent-2","id":"t/0003","serial":627735285,"token":3},"seq":49}
{"apply_at_local":1778697861,"now_unix":1778697861,"path":"/task_claim","replica_index":1,"request":{"agent_id":"agent-3","serial":286369452},"seq":50}
{"apply_at_local":1778697861,"now_unix":1778697861,"path":"/task_heartbeat","replica_index":1,"request":{"agent_id":"agent-1","id":"t/0004","serial":710391510,"token":4},"seq":51}
{"apply_at_local":1778697866,"now_unix":1778697866,"path":"/task_complete","replica_index":1,"request":{"agent_id":"agent-2","id":"t/0003","result_branch":"90a709f1a961677a6a44cf88cf0c63fe3cb108be","result_summary":"Shipped calc/repl.py — interactive REPL + tests on branch task/t/0003 @ 90a709f1a961677a6a44cf88cf0c63fe3cb108be.","serial":894843298,"token":3},"seq":52}
{"apply_at_local":1778697871,"now_unix":1778697871,"path":"/task_claim","replica_index":1,"request":{"agent_id":"agent-3","serial":783632897},"seq":53}
{"apply_at_local":1778697872,"now_unix":1778697872,"path":"/task_heartbeat","replica_index":1,"request":{"agent_id":"agent-1","id":"t/0004","serial":673878798,"token":4},"seq":54}
{"apply_at_local":1778697876,"now_unix":1778697876,"path":"/main_lock_acquire","replica_index":1,"request":{"agent_id":"agent-1","merge_task":"t/0004","merge_token":4,"serial":116564451},"seq":55}
{"apply_at_local":1778697878,"now_unix":1778697878,"path":"/task_heartbeat","replica_index":1,"request":{"agent_id":"agent-3","id":"t/0005","serial":525220577,"token":5},"seq":56}
{"apply_at_local":1778697882,"now_unix":1778697882,"path":"/task_heartbeat","replica_index":1,"request":{"agent_id":"agent-1","id":"t/0004","serial":533231978,"token":4},"seq":57}
{"apply_at_local":1778697882,"now_unix":1778697882,"path":"/task_claim","replica_index":1,"request":{"agent_id":"agent-2","serial":13817818},"seq":58}
{"apply_at_local":1778697887,"now_unix":1778697887,"path":"/task_claim","replica_index":1,"request":{"agent_id":"agent-2","serial":925548359},"seq":59}
{"apply_at_local":1778697888,"now_unix":1778697888,"path":"/main_lock_release","replica_index":1,"request":{"agent_id":"agent-1","lock_token":6,"serial":284037994},"seq":60}
{"apply_at_local":1778697888,"now_unix":1778697888,"path":"/task_heartbeat","replica_index":1,"request":{"agent_id":"agent-3","id":"t/0005","serial":461662544,"token":5},"seq":61}
{"apply_at_local":1778697888,"now_unix":1778697888,"path":"/task_complete","replica_index":1,"request":{"agent_id":"agent-1","id":"t/0004","result_branch":"d02cb251e7898da2d1d241907fd879cc180a0597","result_summary":"Merged d02cb251e7898da2d1d241907fd879cc180a0597 into main; new HEAD d02cb251e7898da2d1d241907fd879cc180a0597.","serial":855184806,"token":4},"seq":62}
{"apply_at_local":1778697897,"now_unix":1778697897,"path":"/task_claim","replica_index":1,"request":{"agent_id":"agent-2","serial":363333639},"seq":63}
{"apply_at_local":1778697898,"now_unix":1778697898,"path":"/task_heartbeat","replica_index":1,"request":{"agent_id":"agent-3","id":"t/0005","serial":475340106,"token":5},"seq":64}
{"apply_at_local":1778697898,"now_unix":1778697898,"path":"/task_claim","replica_index":1,"request":{"agent_id":"agent-1","serial":509488801},"seq":65}
{"apply_at_local":1778697901,"now_unix":1778697901,"path":"/task_claim","replica_index":1,"request":{"agent_id":"agent-1","serial":304351439},"seq":66}
{"apply_at_local":1778697907,"now_unix":1778697907,"path":"/task_claim","replica_index":1,"request":{"agent_id":"agent-2","serial":52140144},"seq":67}
{"apply_at_local":1778697908,"now_unix":1778697908,"path":"/task_heartbeat","replica_index":1,"request":{"agent_id":"agent-3","id":"t/0005","serial":251860004,"token":5},"seq":68}
{"apply_at_local":1778697911,"now_unix":1778697911,"path":"/task_claim","replica_index":1,"request":{"agent_id":"agent-1","serial":521454947},"seq":69}
{"apply_at_local":1778697912,"now_unix":1778697912,"path":"/main_lock_acquire","replica_index":1,"request":{"agent_id":"agent-3","merge_task":"t/0005","merge_token":5,"serial":1015204414},"seq":70}
{"apply_at_local":1778697917,"now_unix":1778697917,"path":"/task_claim","replica_index":1,"request":{"agent_id":"agent-2","serial":348562659},"seq":71}
{"apply_at_local":1778697918,"now_unix":1778697918,"path":"/main_lock_release","replica_index":1,"request":{"agent_id":"agent-3","lock_token":7,"serial":409940924},"seq":72}
{"apply_at_local":1778697918,"now_unix":1778697918,"path":"/task_heartbeat","replica_index":1,"request":{"agent_id":"agent-3","id":"t/0005","serial":950364241,"token":5},"seq":73}
{"apply_at_local":1778697921,"now_unix":1778697921,"path":"/task_claim","replica_index":1,"request":{"agent_id":"agent-1","serial":948766947},"seq":74}
{"apply_at_local":1778697927,"now_unix":1778697927,"path":"/task_claim","replica_index":1,"request":{"agent_id":"agent-2","serial":310274856},"seq":75}
{"apply_at_local":1778697928,"now_unix":1778697928,"path":"/task_heartbeat","replica_index":1,"request":{"agent_id":"agent-3","id":"t/0005","serial":144898362,"token":5},"seq":76}
{"apply_at_local":1778697931,"now_unix":1778697931,"path":"/task_claim","replica_index":1,"request":{"agent_id":"agent-1","serial":543267534},"seq":77}
{"apply_at_local":1778697936,"now_unix":1778697936,"path":"/main_lock_acquire","replica_index":1,"request":{"agent_id":"agent-3","merge_task":"t/0005","merge_token":5,"serial":910394736},"seq":78}
{"apply_at_local":1778697936,"now_unix":1778697936,"path":"/main_lock_release","replica_index":1,"request":{"agent_id":"agent-3","lock_token":8,"serial":697538744},"seq":79}
{"apply_at_local":1778697937,"now_unix":1778697937,"path":"/task_claim","replica_index":1,"request":{"agent_id":"agent-2","serial":797127316},"seq":80}
{"apply_at_local":1778697938,"now_unix":1778697938,"path":"/task_heartbeat","replica_index":1,"request":{"agent_id":"agent-3","id":"t/0005","serial":1018254019,"token":5},"seq":81}
{"apply_at_local":1778697941,"now_unix":1778697941,"path":"/task_claim","replica_index":1,"request":{"agent_id":"agent-1","serial":373159668},"seq":82}
{"apply_at_local":1778697944,"now_unix":1778697944,"path":"/main_lock_acquire","replica_index":1,"request":{"agent_id":"agent-3","merge_task":"t/0005","merge_token":5,"serial":402049268},"seq":83}
{"apply_at_local":1778697948,"now_unix":1778697948,"path":"/task_claim","replica_index":1,"request":{"agent_id":"agent-2","serial":91362019},"seq":84}
{"apply_at_local":1778697949,"now_unix":1778697949,"path":"/task_heartbeat","replica_index":1,"request":{"agent_id":"agent-3","id":"t/0005","serial":719089147,"token":5},"seq":85}
{"apply_at_local":1778697952,"now_unix":1778697952,"path":"/task_claim","replica_index":1,"request":{"agent_id":"agent-1","serial":642258255},"seq":86}
{"apply_at_local":1778697958,"now_unix":1778697958,"path":"/task_claim","replica_index":1,"request":{"agent_id":"agent-2","serial":425423345},"seq":87}
{"apply_at_local":1778697959,"now_unix":1778697959,"path":"/task_heartbeat","replica_index":1,"request":{"agent_id":"agent-3","id":"t/0005","serial":676983667,"token":5},"seq":88}
{"apply_at_local":1778697962,"now_unix":1778697962,"path":"/task_claim","replica_index":1,"request":{"agent_id":"agent-1","serial":826332163},"seq":89}
{"apply_at_local":1778697968,"now_unix":1778697968,"path":"/main_lock_release","replica_index":1,"request":{"agent_id":"agent-3","lock_token":9,"serial":592863487},"seq":90}
{"apply_at_local":1778697968,"now_unix":1778697968,"path":"/task_complete","replica_index":1,"request":{"agent_id":"agent-3","id":"t/0005","result_branch":"c5195eaca6f9eb978a245682402a3a0e2c7abba4","result_summary":"Merged 90a709f1a961677a6a44cf88cf0c63fe3cb110be into main (resolved add/add conflicts in ops.py and __pycache__); new HEAD c5195eaca6f9eb978a245682402a3a0e2c7abba4.","serial":953758719,"token":5},"seq":91}
{"apply_at_local":1778697968,"now_unix":1778697968,"path":"/task_claim","replica_index":1,"request":{"agent_id":"agent-2","serial":523922249},"seq":92}
{"apply_at_local":1778697972,"now_unix":1778697972,"path":"/task_claim","replica_index":1,"request":{"agent_id":"agent-1","serial":214846585},"seq":93}
{"apply_at_local":1778697978,"now_unix":1778697978,"path":"/task_claim","replica_index":1,"request":{"agent_id":"agent-2","serial":283696471},"seq":94}
{"apply_at_local":1778697982,"now_unix":1778697982,"path":"/task_claim","replica_index":1,"request":{"agent_id":"agent-1","serial":340351378},"seq":95}
{"apply_at_local":1778697984,"now_unix":1778697984,"path":"/task_claim","replica_index":1,"request":{"agent_id":"agent-3","serial":755609689},"seq":96}
{"apply_at_local":1778697987,"now_unix":1778697987,"path":"/task_claim","replica_index":1,"request":{"agent_id":"agent-3","serial":761501396},"seq":97}
{"apply_at_local":1778697988,"now_unix":1778697988,"path":"/task_claim","replica_index":1,"request":{"agent_id":"agent-2","serial":777431529},"seq":98}
{"apply_at_local":1778697992,"now_unix":1778697992,"path":"/task_claim","replica_index":1,"request":{"agent_id":"agent-1","serial":197901219},"seq":99}
{"apply_at_local":1778697997,"now_unix":1778697997,"path":"/task_claim","replica_index":1,"request":{"agent_id":"agent-3","serial":71260711},"seq":100}
{"apply_at_local":1778697998,"now_unix":1778697998,"path":"/task_claim","replica_index":1,"request":{"agent_id":"agent-2","serial":217845618},"seq":101}
{"apply_at_local":1778698002,"now_unix":1778698002,"path":"/task_claim","replica_index":1,"request":{"agent_id":"agent-1","serial":864712922},"seq":102}
{"apply_at_local":1778698007,"now_unix":1778698007,"path":"/task_claim","replica_index":1,"request":{"agent_id":"agent-3","serial":17207652},"seq":103}
{"apply_at_local":1778698008,"now_unix":1778698008,"path":"/task_claim","replica_index":1,"request":{"agent_id":"agent-2","serial":192610848},"seq":104}
{"apply_at_local":1778698012,"now_unix":1778698012,"path":"/task_claim","replica_index":1,"request":{"agent_id":"agent-1","serial":275851253},"seq":105}
{"apply_at_local":1778698017,"now_unix":1778698017,"path":"/task_claim","replica_index":1,"request":{"agent_id":"agent-3","serial":64239879},"seq":106}
{"apply_at_local":1778698019,"now_unix":1778698019,"path":"/task_claim","replica_index":1,"request":{"agent_id":"agent-2","serial":530023991},"seq":107}
{"apply_at_local":1778698023,"now_unix":1778698023,"path":"/task_claim","replica_index":1,"request":{"agent_id":"agent-1","serial":650784537},"seq":108}
