{"now_unix":1778688032,"path":"/task_create","request":{"agent_id":"human","serial":1,"spec":{"depth":0,"prompt":"Build a Python CLI calculator. Decompose into two implement tasks: (1) calc/ops.py with add/sub/mul/div pure functions and tests in tests/test_ops.py; (2) calc/repl.py providing a REPL that uses calc.ops, with tests in tests/test_repl.py covering one happy-path interaction. branch_base for both is main. The calculator must run end-to-end: `python -m calc.repl` should accept input lines like '1 + 2' and print results.","requires":[],"title":"Build a CLI calculator","type":"plan"}},"seq":1}
{"now_unix":1778688156,"path":"/task_claim","request":{"agent_id":"agent-3","serial":288403551},"seq":2}
{"now_unix":1778688159,"path":"/task_heartbeat","request":{"agent_id":"agent-3","id":"t/0001","serial":433219154,"token":1},"seq":3}
{"now_unix":1778688160,"path":"/task_claim","request":{"agent_id":"agent-2","serial":42751989},"seq":4}
{"now_unix":1778688163,"path":"/task_claim","request":{"agent_id":"agent-2","serial":461227895},"seq":5}
{"now_unix":1778688165,"path":"/task_claim","request":{"agent_id":"agent-1","serial":683628221},"seq":6}
{"now_unix":1778688168,"path":"/task_claim","request":{"agent_id":"agent-1","serial":898728158},"seq":7}
{"now_unix":1778688170,"path":"/task_heartbeat","request":{"agent_id":"agent-3","id":"t/0001","serial":312337739,"token":1},"seq":8}
{"now_unix":1778688173,"path":"/task_claim","request":{"agent_id":"agent-2","serial":1016020342},"seq":9}
{"now_unix":1778688178,"path":"/task_claim","request":{"agent_id":"agent-1","serial":6182648},"seq":10}
{"now_unix":1778688180,"path":"/task_heartbeat","request":{"agent_id":"agent-3","id":"t/0001","serial":32095464,"token":1},"seq":11}
{"now_unix":1778688183,"path":"/task_claim","request":{"agent_id":"agent-2","serial":228836498},"seq":12}
{"now_unix":1778688188,"path":"/task_claim","request":{"agent_id":"agent-1","serial":393668829},"seq":13}
{"now_unix":1778688190,"path":"/task_heartbeat","request":{"agent_id":"agent-3","id":"t/0001","serial":19755861,"token":1},"seq":14}
{"now_unix":1778688193,"path":"/task_claim","request":{"agent_id":"agent-2","serial":406408710},"seq":15}
{"now_unix":1778688194,"path":"/task_complete","request":{"agent_id":"agent-3","id":"t/0001","new_children":[{"branch_base":"main","depth":0,"prompt":"Implement add, sub, mul, div as pure functions in calc/ops.py. Write unit tests in tests/test_ops.py covering all four operations. branch_base is main.","requires":[],"title":"calc/ops.py arithmetic functions","type":"implement"},{"branch_base":"main","depth":0,"prompt":"Implement a REPL in calc/repl.py that reads input lines like '1 + 2', parses them, calls calc.ops functions, and prints the result. Add tests in tests/test_repl.py covering one happy-path interaction. The calculator must run end-to-end: `python -m calc.repl`. branch_base is main.","requires":[],"title":"calc/repl.py REPL loop","type":"implement"}],"result_summary":"Decomposed 'Build a CLI calculator' into 2 tasks.","serial":1027540932,"token":1},"seq":16}
{"now_unix":1778688198,"path":"/task_claim","request":{"agent_id":"agent-1","serial":832361532},"seq":17}
{"now_unix":1778688204,"path":"/task_claim","request":{"agent_id":"agent-2","serial":303211742},"seq":18}
{"now_unix":1778688206,"path":"/task_heartbeat","request":{"agent_id":"agent-1","id":"t/0002","serial":295500700,"token":2},"seq":19}
{"now_unix":1778688208,"path":"/task_claim","request":{"agent_id":"agent-3","serial":22195192},"seq":20}
{"now_unix":1778688211,"path":"/task_heartbeat","request":{"agent_id":"agent-2","id":"t/0003","serial":232347752,"token":3},"seq":21}
{"now_unix":1778688211,"path":"/task_claim","request":{"agent_id":"agent-3","serial":92660131},"seq":22}
{"now_unix":1778688218,"path":"/task_heartbeat","request":{"agent_id":"agent-1","id":"t/0002","serial":835123187,"token":2},"seq":23}
{"now_unix":1778688221,"path":"/task_heartbeat","request":{"agent_id":"agent-2","id":"t/0003","serial":340234583,"token":3},"seq":24}
{"now_unix":1778688221,"path":"/task_claim","request":{"agent_id":"agent-3","serial":561306133},"seq":25}
{"now_unix":1778688228,"path":"/task_heartbeat","request":{"agent_id":"agent-1","id":"t/0002","serial":865235866,"token":2},"seq":26}
{"now_unix":1778688229,"path":"/task_claim","request":{"agent_id":"agent-3","serial":876807039},"seq":27}
{"now_unix":1778688231,"path":"/task_heartbeat","request":{"agent_id":"agent-2","id":"t/0003","serial":219876870,"token":3},"seq":28}
{"now_unix":1778688232,"path":"/task_claim","request":{"agent_id":"agent-3","serial":984866837},"seq":29}
{"now_unix":1778688233,"path":"/task_claim","request":{"agent_id":"agent-3","serial":224183613},"seq":30}
{"now_unix":1778688237,"path":"/task_claim","request":{"agent_id":"agent-3","serial":77568816},"seq":31}
{"now_unix":1778688238,"path":"/task_heartbeat","request":{"agent_id":"agent-1","id":"t/0002","serial":813499433,"token":2},"seq":32}
{"now_unix":1778688242,"path":"/task_heartbeat","request":{"agent_id":"agent-2","id":"t/0003","serial":490159475,"token":3},"seq":33}
{"now_unix":1778688242,"path":"/task_claim","request":{"agent_id":"agent-3","serial":523484966},"seq":34}
{"now_unix":1778688243,"path":"/task_claim","request":{"agent_id":"agent-3","serial":830521925},"seq":35}
{"now_unix":1778688245,"path":"/task_claim","request":{"agent_id":"agent-3","serial":764392130},"seq":36}
{"now_unix":1778688248,"path":"/task_heartbeat","request":{"agent_id":"agent-1","id":"t/0002","serial":295542231,"token":2},"seq":37}
{"now_unix":1778688251,"path":"/task_claim","request":{"agent_id":"agent-3","serial":486032897},"seq":38}
{"now_unix":1778688252,"path":"/task_heartbeat","request":{"agent_id":"agent-2","id":"t/0003","serial":12814234,"token":3},"seq":39}
{"now_unix":1778688252,"path":"/task_claim","request":{"agent_id":"agent-3","serial":956009129},"seq":40}
{"now_unix":1778688253,"path":"/task_claim","request":{"agent_id":"agent-3","serial":809594603},"seq":41}
{"now_unix":1778688256,"path":"/task_claim","request":{"agent_id":"agent-3","serial":853364264},"seq":42}
{"now_unix":1778688256,"path":"/task_claim","request":{"agent_id":"agent-3","serial":473435180},"seq":43}
{"now_unix":1778688259,"path":"/task_heartbeat","request":{"agent_id":"agent-1","id":"t/0002","serial":412933211,"token":2},"seq":44}
{"now_unix":1778688260,"path":"/task_claim","request":{"agent_id":"agent-3","serial":980227397},"seq":45}
{"now_unix":1778688262,"path":"/task_heartbeat","request":{"agent_id":"agent-2","id":"t/0003","serial":118402101,"token":3},"seq":46}
{"now_unix":1778688262,"path":"/task_claim","request":{"agent_id":"agent-3","serial":824494160},"seq":47}
{"now_unix":1778688263,"path":"/task_claim","request":{"agent_id":"agent-3","serial":736162322},"seq":48}
{"now_unix":1778688265,"path":"/task_claim","request":{"agent_id":"agent-3","serial":849917763},"seq":49}
{"now_unix":1778688266,"path":"/task_claim","request":{"agent_id":"agent-3","serial":266496167},"seq":50}
{"now_unix":1778688267,"path":"/task_claim","request":{"agent_id":"agent-3","serial":957781120},"seq":51}
{"now_unix":1778688268,"path":"/task_claim","request":{"agent_id":"agent-3","serial":1063586114},"seq":52}
{"now_unix":1778688269,"path":"/task_heartbeat","request":{"agent_id":"agent-1","id":"t/0002","serial":6615926,"token":2},"seq":53}
{"now_unix":1778688269,"path":"/task_complete","request":{"agent_id":"agent-1","id":"t/0002","result_branch":"2a65813f74cb166806b8f14c7d8f102fd8200f3c","result_summary":"Shipped calc/ops.py arithmetic functions on branch task/t/0002 @ 2a65813f74cb166806b8f14c7d8f102fd8200f3c.","serial":1069749711,"token":2},"seq":54}
{"now_unix":1778688272,"path":"/task_heartbeat","request":{"agent_id":"agent-2","id":"t/0003","serial":202844757,"token":3},"seq":55}
{"now_unix":1778688272,"path":"/task_claim","request":{"agent_id":"agent-3","serial":877188328},"seq":56}
{"now_unix":1778688273,"path":"/task_claim","request":{"agent_id":"agent-3","serial":1011309388},"seq":57}
{"now_unix":1778688275,"path":"/task_claim","request":{"agent_id":"agent-3","serial":43949648},"seq":58}
{"now_unix":1778688276,"path":"/task_claim","request":{"agent_id":"agent-3","serial":1024447},"seq":59}
{"now_unix":1778688277,"path":"/task_claim","request":{"agent_id":"agent-3","serial":396780245},"seq":60}
{"now_unix":1778688280,"path":"/task_heartbeat","request":{"agent_id":"agent-3","id":"t/0004","serial":587497273,"token":4},"seq":61}
{"now_unix":1778688282,"path":"/task_heartbeat","request":{"agent_id":"agent-2","id":"t/0003","serial":679673797,"token":3},"seq":62}
{"now_unix":1778688283,"path":"/task_claim","request":{"agent_id":"agent-1","serial":83083866},"seq":63}
{"now_unix":1778688283,"path":"/task_claim","request":{"agent_id":"agent-3","serial":376201472},"seq":64}
{"now_unix":1778688285,"path":"/task_claim","request":{"agent_id":"agent-3","serial":333371644},"seq":65}
{"now_unix":1778688286,"path":"/task_claim","request":{"agent_id":"agent-3","serial":53477646},"seq":66}
{"now_unix":1778688287,"path":"/task_claim","request":{"agent_id":"agent-1","serial":198052104},"seq":67}
{"now_unix":1778688287,"path":"/task_claim","request":{"agent_id":"agent-3","serial":1059750817},"seq":68}
{"now_unix":1778688290,"path":"/task_heartbeat","request":{"agent_id":"agent-3","id":"t/0004","serial":1051142068,"token":4},"seq":69}
{"now_unix":1778688292,"path":"/task_heartbeat","request":{"agent_id":"agent-2","id":"t/0003","serial":171999245,"token":3},"seq":70}
{"now_unix":1778688294,"path":"/task_claim","request":{"agent_id":"agent-3","serial":559761203},"seq":71}
{"now_unix":1778688295,"path":"/task_claim","request":{"agent_id":"agent-3","serial":492876863},"seq":72}
{"now_unix":1778688296,"path":"/task_claim","request":{"agent_id":"agent-3","serial":691986139},"seq":73}
{"now_unix":1778688297,"path":"/task_claim","request":{"agent_id":"agent-1","serial":586395657},"seq":74}
{"now_unix":1778688297,"path":"/task_claim","request":{"agent_id":"agent-3","serial":70942418},"seq":75}
{"now_unix":1778688300,"path":"/task_heartbeat","request":{"agent_id":"agent-3","id":"t/0004","serial":199504320,"token":4},"seq":76}
{"now_unix":1778688303,"path":"/task_heartbeat","request":{"agent_id":"agent-2","id":"t/0003","serial":328507572,"token":3},"seq":77}
{"now_unix":1778688304,"path":"/task_claim","request":{"agent_id":"agent-3","serial":860331423},"seq":78}
{"now_unix":1778688305,"path":"/task_claim","request":{"agent_id":"agent-3","serial":1059258095},"seq":79}
{"now_unix":1778688306,"path":"/task_claim","request":{"agent_id":"agent-3","serial":275419796},"seq":80}
{"now_unix":1778688307,"path":"/task_claim","request":{"agent_id":"agent-1","serial":518479760},"seq":81}
{"now_unix":1778688307,"path":"/task_claim","request":{"agent_id":"agent-3","serial":129080205},"seq":82}
{"now_unix":1778688310,"path":"/task_heartbeat","request":{"agent_id":"agent-3","id":"t/0004","serial":574986965,"token":4},"seq":83}
{"now_unix":1778688310,"path":"/task_complete","request":{"agent_id":"agent-2","id":"t/0003","result_branch":"f872cba2ca29ba6a2cb78b83378f3ed92cc4eeb5","result_summary":"Shipped calc/repl.py REPL loop on branch task/t/0003 @ f872cba2ca29ba6a2cb78b83378f3ed92cc4eeb5.","serial":1015370212,"token":3},"seq":84}
{"now_unix":1778688314,"path":"/task_claim","request":{"agent_id":"agent-3","serial":1032834708},"seq":85}
{"now_unix":1778688314,"path":"/main_lock_acquire","request":{"agent_id":"agent-3","merge_task":"t/0004","merge_token":4,"serial":5475297},"seq":86}
{"now_unix":1778688315,"path":"/task_claim","request":{"agent_id":"agent-3","serial":556084321},"seq":87}
{"now_unix":1778688316,"path":"/task_claim","request":{"agent_id":"agent-3","serial":823281536},"seq":88}
{"now_unix":1778688317,"path":"/task_claim","request":{"agent_id":"agent-1","serial":752522798},"seq":89}
{"now_unix":1778688317,"path":"/task_claim","request":{"agent_id":"agent-3","serial":74237850},"seq":90}
{"now_unix":1778688320,"path":"/task_heartbeat","request":{"agent_id":"agent-3","id":"t/0004","serial":628171747,"token":4},"seq":91}
{"now_unix":1778688322,"path":"/main_lock_release","request":{"agent_id":"agent-3","lock_token":6,"serial":64866040},"seq":92}
{"now_unix":1778688322,"path":"/task_complete","request":{"agent_id":"agent-3","id":"t/0004","result_branch":"2a65813f74cb166806b8f14c7d8f102fd8200f3c","result_summary":"Merged 2a65813f74cb166806b8f14c7d8f102fd8200f3c into main; new HEAD 2a65813f74cb166806b8f14c7d8f102fd8200f3c.","serial":274058034,"token":4},"seq":93}
{"now_unix":1778688325,"path":"/task_claim","request":{"agent_id":"agent-2","serial":968464884},"seq":94}
{"now_unix":1778688326,"path":"/task_claim","request":{"agent_id":"agent-3","serial":1066392818},"seq":95}
{"now_unix":1778688327,"path":"/task_claim","request":{"agent_id":"agent-3","serial":347988924},"seq":96}
{"now_unix":1778688327,"path":"/task_claim","request":{"agent_id":"agent-1","serial":917834305},"seq":97}
{"now_unix":1778688327,"path":"/task_claim","request":{"agent_id":"agent-3","serial":1066402067},"seq":98}
{"now_unix":1778688329,"path":"/task_claim","request":{"agent_id":"agent-2","serial":831967875},"seq":99}
{"now_unix":1778688334,"path":"/task_claim","request":{"agent_id":"agent-3","serial":472285526},"seq":100}
{"now_unix":1778688336,"path":"/task_claim","request":{"agent_id":"agent-3","serial":39757550},"seq":101}
{"now_unix":1778688337,"path":"/task_claim","request":{"agent_id":"agent-3","serial":534383556},"seq":102}
{"now_unix":1778688337,"path":"/task_claim","request":{"agent_id":"agent-1","serial":470682548},"seq":103}
{"now_unix":1778688338,"path":"/task_claim","request":{"agent_id":"agent-3","serial":784790621},"seq":104}
{"now_unix":1778688339,"path":"/task_claim","request":{"agent_id":"agent-2","serial":348332808},"seq":105}
{"now_unix":1778688345,"path":"/task_heartbeat","request":{"agent_id":"agent-3","id":"t/0005","serial":681647039,"token":5},"seq":106}
{"now_unix":1778688346,"path":"/task_claim","request":{"agent_id":"agent-3","serial":756487895},"seq":107}
{"now_unix":1778688347,"path":"/task_claim","request":{"agent_id":"agent-3","serial":811942193},"seq":108}
{"now_unix":1778688348,"path":"/task_claim","request":{"agent_id":"agent-1","serial":219961946},"seq":109}
{"now_unix":1778688348,"path":"/task_claim","request":{"agent_id":"agent-3","serial":761654933},"seq":110}
{"now_unix":1778688349,"path":"/task_claim","request":{"agent_id":"agent-2","serial":464199948},"seq":111}
{"now_unix":1778688355,"path":"/task_heartbeat","request":{"agent_id":"agent-3","id":"t/0005","serial":343585832,"token":5},"seq":112}
{"now_unix":1778688356,"path":"/task_claim","request":{"agent_id":"agent-3","serial":802558596},"seq":113}
{"now_unix":1778688357,"path":"/task_claim","request":{"agent_id":"agent-3","serial":543036403},"seq":114}
{"now_unix":1778688358,"path":"/task_claim","request":{"agent_id":"agent-1","serial":438931529},"seq":115}
{"now_unix":1778688358,"path":"/task_claim","request":{"agent_id":"agent-3","serial":111902010},"seq":116}
{"now_unix":1778688359,"path":"/task_claim","request":{"agent_id":"agent-2","serial":583801349},"seq":117}
{"now_unix":1778688365,"path":"/task_heartbeat","request":{"agent_id":"agent-3","id":"t/0005","serial":525553494,"token":5},"seq":118}
{"now_unix":1778688366,"path":"/task_claim","request":{"agent_id":"agent-3","serial":496707319},"seq":119}
{"now_unix":1778688367,"path":"/task_claim","request":{"agent_id":"agent-3","serial":559045874},"seq":120}
{"now_unix":1778688368,"path":"/task_claim","request":{"agent_id":"agent-1","serial":892658649},"seq":121}
{"now_unix":1778688368,"path":"/task_claim","request":{"agent_id":"agent-3","serial":998332901},"seq":122}
{"now_unix":1778688370,"path":"/task_claim","request":{"agent_id":"agent-2","serial":42004255},"seq":123}
{"now_unix":1778688376,"path":"/task_heartbeat","request":{"agent_id":"agent-3","id":"t/0005","serial":20429683,"token":5},"seq":124}
{"now_unix":1778688376,"path":"/task_claim","request":{"agent_id":"agent-3","serial":13065504},"seq":125}
{"now_unix":1778688377,"path":"/task_claim","request":{"agent_id":"agent-3","serial":235959240},"seq":126}
{"now_unix":1778688378,"path":"/task_claim","request":{"agent_id":"agent-1","serial":715746525},"seq":127}
{"now_unix":1778688378,"path":"/task_claim","request":{"agent_id":"agent-3","serial":278246148},"seq":128}
{"now_unix":1778688380,"path":"/main_lock_acquire","request":{"agent_id":"agent-3","merge_task":"t/0005","merge_token":5,"serial":740123601},"seq":129}
{"now_unix":1778688380,"path":"/task_claim","request":{"agent_id":"agent-2","serial":384884862},"seq":130}
{"now_unix":1778688385,"path":"/main_lock_release","request":{"agent_id":"agent-3","lock_token":7,"serial":525976333},"seq":131}
{"now_unix":1778688386,"path":"/task_heartbeat","request":{"agent_id":"agent-3","id":"t/0005","serial":876559601,"token":5},"seq":132}
{"now_unix":1778688386,"path":"/task_claim","request":{"agent_id":"agent-3","serial":54670977},"seq":133}
{"now_unix":1778688387,"path":"/task_claim","request":{"agent_id":"agent-3","serial":893204265},"seq":134}
{"now_unix":1778688388,"path":"/task_claim","request":{"agent_id":"agent-1","serial":668366387},"seq":135}
{"now_unix":1778688388,"path":"/task_claim","request":{"agent_id":"agent-3","serial":564609018},"seq":136}
{"now_unix":1778688390,"path":"/task_claim","request":{"agent_id":"agent-2","serial":922253200},"seq":137}
{"now_unix":1778688396,"path":"/task_heartbeat","request":{"agent_id":"agent-3","id":"t/0005","serial":710016641,"token":5},"seq":138}
{"now_unix":1778688397,"path":"/task_claim","request":{"agent_id":"agent-3","serial":632801332},"seq":139}
{"now_unix":1778688398,"path":"/task_claim","request":{"agent_id":"agent-3","serial":30363481},"seq":140}
{"now_unix":1778688398,"path":"/task_claim","request":{"agent_id":"agent-1","serial":437370353},"seq":141}
{"now_unix":1778688398,"path":"/task_claim","request":{"agent_id":"agent-3","serial":59667906},"seq":142}
{"now_unix":1778688400,"path":"/task_claim","request":{"agent_id":"agent-2","serial":1047119242},"seq":143}
{"now_unix":1778688406,"path":"/task_heartbeat","request":{"agent_id":"agent-3","id":"t/0005","serial":984991912,"token":5},"seq":144}
{"now_unix":1778688407,"path":"/task_claim","request":{"agent_id":"agent-3","serial":731216598},"seq":145}
{"now_unix":1778688408,"path":"/task_claim","request":{"agent_id":"agent-3","serial":57895505},"seq":146}
{"now_unix":1778688408,"path":"/task_claim","request":{"agent_id":"agent-1","serial":261588567},"seq":147}
{"now_unix":1778688408,"path":"/task_claim","request":{"agent_id":"agent-3","serial":780946031},"seq":148}
{"now_unix":1778688410,"path":"/task_claim","request":{"agent_id":"agent-2","serial":138855973},"seq":149}
{"now_unix":1778688413,"path":"/task_complete","request":{"agent_id":"agent-3","id":"t/0005","result_branch":"eae353049b4654000d73a22e1a1622b09cbcfc78","result_summary":"Merged f872cba2ca29ba6a2cb78b83378f3ed92cc4eeb5 into main; new HEAD eae353049b4654000d73a22e1a1622b09cbcfc78.","serial":56581040,"token":5},"seq":150}
{"now_unix":1778688417,"path":"/task_claim","request":{"agent_id":"agent-3","serial":504152039},"seq":151}
{"now_unix":1778688418,"path":"/task_claim","request":{"agent_id":"agent-3","serial":728519933},"seq":152}
{"now_unix":1778688418,"path":"/task_claim","request":{"agent_id":"agent-1","serial":73011129},"seq":153}
{"now_unix":1778688419,"path":"/task_claim","request":{"agent_id":"agent-3","serial":944465828},"seq":154}
{"now_unix":1778688420,"path":"/task_claim","request":{"agent_id":"agent-2","serial":883703810},"seq":155}
{"now_unix":1778688424,"path":"/task_claim","request":{"agent_id":"agent-3","serial":607996668},"seq":156}
{"now_unix":1778688427,"path":"/task_claim","request":{"agent_id":"agent-3","serial":346154773},"seq":157}
{"now_unix":1778688428,"path":"/task_claim","request":{"agent_id":"agent-3","serial":760394034},"seq":158}
{"now_unix":1778688429,"path":"/task_claim","request":{"agent_id":"agent-1","serial":101963308},"seq":159}
{"now_unix":1778688429,"path":"/task_claim","request":{"agent_id":"agent-3","serial":929331620},"seq":160}
{"now_unix":1778688431,"path":"/task_claim","request":{"agent_id":"agent-2","serial":656078246},"seq":161}
{"now_unix":1778688437,"path":"/task_claim","request":{"agent_id":"agent-3","serial":256578916},"seq":162}
{"now_unix":1778688438,"path":"/task_claim","request":{"agent_id":"agent-3","serial":1026093757},"seq":163}
{"now_unix":1778688439,"path":"/task_claim","request":{"agent_id":"agent-1","serial":708553035},"seq":164}
{"now_unix":1778688439,"path":"/task_claim","request":{"agent_id":"agent-3","serial":241785941},"seq":165}
{"now_unix":1778688441,"path":"/task_claim","request":{"agent_id":"agent-2","serial":2312356},"seq":166}
{"now_unix":1778688447,"path":"/task_claim","request":{"agent_id":"agent-3","serial":979435499},"seq":167}
{"now_unix":1778688448,"path":"/task_claim","request":{"agent_id":"agent-3","serial":65344604},"seq":168}
{"now_unix":1778688449,"path":"/task_claim","request":{"agent_id":"agent-1","serial":438399649},"seq":169}
{"now_unix":1778688449,"path":"/task_claim","request":{"agent_id":"agent-3","serial":297026008},"seq":170}
{"now_unix":1778688451,"path":"/task_claim","request":{"agent_id":"agent-2","serial":231077118},"seq":171}
{"now_unix":1778688457,"path":"/task_claim","request":{"agent_id":"agent-3","serial":133059885},"seq":172}
{"now_unix":1778688458,"path":"/task_claim","request":{"agent_id":"agent-3","serial":798125336},"seq":173}
{"now_unix":1778688459,"path":"/task_claim","request":{"agent_id":"agent-1","serial":848275236},"seq":174}
{"now_unix":1778688459,"path":"/task_claim","request":{"agent_id":"agent-3","serial":219958945},"seq":175}
{"now_unix":1778688461,"path":"/task_claim","request":{"agent_id":"agent-2","serial":827000171},"seq":176}
{"now_unix":1778688468,"path":"/task_claim","request":{"agent_id":"agent-3","serial":157391102},"seq":177}
{"now_unix":1778688469,"path":"/task_claim","request":{"agent_id":"agent-3","serial":577151846},"seq":178}
{"now_unix":1778688469,"path":"/task_claim","request":{"agent_id":"agent-1","serial":1027967412},"seq":179}
{"now_unix":1778688469,"path":"/task_claim","request":{"agent_id":"agent-3","serial":530025993},"seq":180}
