{"apply_at_local":1778709077,"now_unix":1778709077,"path":"/task_create","replica_index":0,"request":{"agent_id":"human","serial":1,"spec":{"depth":0,"prompt":"Build a Python CLI calculator. Decompose into two implement tasks: (1) calc/ops.py with add/sub/mul/div pure functions and tests in tests/test_ops.py; (2) calc/repl.py providing a REPL that uses calc.ops, with tests in tests/test_repl.py covering one happy-path interaction. branch_base for both is main. The calculator must run end-to-end: `python -m calc.repl` should accept input lines like '1 + 2' and print results.","requires":[],"title":"Build a CLI calculator","type":"plan"}},"seq":1}
{"apply_at_local":1778709123,"now_unix":1778709123,"path":"/task_claim","replica_index":0,"request":{"agent_id":"agent-1","serial":246939412},"seq":2}
{"apply_at_local":1778709124,"now_unix":1778709124,"path":"/task_claim","replica_index":0,"request":{"agent_id":"agent-2","serial":821179080},"seq":3}
{"apply_at_local":1778709127,"now_unix":1778709127,"path":"/task_claim","replica_index":0,"request":{"agent_id":"agent-3","serial":907908025},"seq":4}
{"apply_at_local":1778709128,"now_unix":1778709128,"path":"/task_heartbeat","replica_index":0,"request":{"agent_id":"agent-1","id":"t/0001","serial":789822370,"token":1},"seq":5}
{"apply_at_local":1778709128,"now_unix":1778709128,"path":"/task_claim","replica_index":0,"request":{"agent_id":"agent-2","serial":525900016},"seq":6}
{"apply_at_local":1778709130,"now_unix":1778709130,"path":"/task_claim","replica_index":0,"request":{"agent_id":"agent-3","serial":890807883},"seq":7}
{"apply_at_local":1778709138,"now_unix":1778709138,"path":"/task_heartbeat","replica_index":0,"request":{"agent_id":"agent-1","id":"t/0001","serial":66036555,"token":1},"seq":8}
{"apply_at_local":1778709138,"now_unix":1778709138,"path":"/task_claim","replica_index":0,"request":{"agent_id":"agent-2","serial":957540425},"seq":9}
{"apply_at_local":1778709140,"now_unix":1778709140,"path":"/task_claim","replica_index":0,"request":{"agent_id":"agent-3","serial":530971664},"seq":10}
{"apply_at_local":1778709148,"now_unix":1778709148,"path":"/task_heartbeat","replica_index":0,"request":{"agent_id":"agent-1","id":"t/0001","serial":206073744,"token":1},"seq":11}
{"apply_at_local":1778709148,"now_unix":1778709148,"path":"/task_claim","replica_index":0,"request":{"agent_id":"agent-2","serial":354174637},"seq":12}
{"apply_at_local":1778709150,"now_unix":1778709150,"path":"/task_claim","replica_index":0,"request":{"agent_id":"agent-3","serial":588054960},"seq":13}
{"apply_at_local":1778709158,"now_unix":1778709158,"path":"/task_heartbeat","replica_index":0,"request":{"agent_id":"agent-1","id":"t/0001","serial":706440431,"token":1},"seq":14}
{"apply_at_local":1778709158,"now_unix":1778709158,"path":"/task_claim","replica_index":0,"request":{"agent_id":"agent-2","serial":867889005},"seq":15}
{"apply_at_local":1778709160,"now_unix":1778709160,"path":"/task_claim","replica_index":0,"request":{"agent_id":"agent-3","serial":948075099},"seq":16}
{"apply_at_local":1778709168,"now_unix":1778709168,"path":"/task_heartbeat","replica_index":0,"request":{"agent_id":"agent-1","id":"t/0001","serial":1027844151,"token":1},"seq":17}
{"apply_at_local":1778709168,"now_unix":1778709168,"path":"/task_claim","replica_index":0,"request":{"agent_id":"agent-2","serial":448300692},"seq":18}
{"apply_at_local":1778709170,"now_unix":1778709170,"path":"/task_claim","replica_index":0,"request":{"agent_id":"agent-3","serial":398814568},"seq":19}
{"apply_at_local":1778709178,"now_unix":1778709178,"path":"/task_heartbeat","replica_index":0,"request":{"agent_id":"agent-1","id":"t/0001","serial":816572068,"token":1},"seq":20}
{"apply_at_local":1778709178,"now_unix":1778709178,"path":"/task_claim","replica_index":0,"request":{"agent_id":"agent-2","serial":1011512969},"seq":21}
{"apply_at_local":1778709180,"now_unix":1778709180,"path":"/task_complete","replica_index":0,"request":{"agent_id":"agent-1","id":"t/0001","new_children":[{"branch_base":"main","depth":0,"prompt":"Create calc/ops.py with add, sub, mul, div pure functions. Create tests/test_ops.py with tests for all four operations. div should raise ZeroDivisionError when dividing by zero. Place files in the repo root. branch_base: main","requires":[],"title":"Implement calc/ops.py with pure functions and tests","type":"implement"},{"branch_base":"main","depth":0,"prompt":"Create calc/repl.py providing a REPL that imports and uses calc.ops. The REPL should accept input lines like '1 + 2' and print results. Running `python -m calc.repl` should start the REPL. Create calc/__init__.py if needed. Create tests/test_repl.py with at least one happy-path interaction test. branch_base: main","requires":[],"title":"Implement calc/repl.py REPL and tests","type":"implement"}],"result_summary":"Decomposed into 2 implement tasks: calc/ops.py (pure functions + tests) and calc/repl.py (REPL + tests)","serial":420545960,"token":1},"seq":22}
{"apply_at_local":1778709181,"now_unix":1778709181,"path":"/task_claim","replica_index":0,"request":{"agent_id":"agent-3","serial":949804707},"seq":23}
{"apply_at_local":1778709188,"now_unix":1778709188,"path":"/task_heartbeat","replica_index":0,"request":{"agent_id":"agent-3","id":"t/0002","serial":394845113,"token":2},"seq":24}
{"apply_at_local":1778709189,"now_unix":1778709189,"path":"/task_claim","replica_index":0,"request":{"agent_id":"agent-2","serial":497316171},"seq":25}
{"apply_at_local":1778709195,"now_unix":1778709195,"path":"/task_heartbeat","replica_index":0,"request":{"agent_id":"agent-2","id":"t/0003","serial":494079142,"token":3},"seq":26}
{"apply_at_local":1778709198,"now_unix":1778709198,"path":"/task_heartbeat","replica_index":0,"request":{"agent_id":"agent-3","id":"t/0002","serial":947879502,"token":2},"seq":27}
{"apply_at_local":1778709202,"now_unix":1778709202,"path":"/task_claim","replica_index":0,"request":{"agent_id":"agent-1","serial":178557980},"seq":28}
{"apply_at_local":1778709205,"now_unix":1778709205,"path":"/task_heartbeat","replica_index":0,"request":{"agent_id":"agent-2","id":"t/0003","serial":489799954,"token":3},"seq":29}
{"apply_at_local":1778709206,"now_unix":1778709206,"path":"/task_claim","replica_index":0,"request":{"agent_id":"agent-1","serial":409610273},"seq":30}
{"apply_at_local":1778709208,"now_unix":1778709208,"path":"/task_heartbeat","replica_index":0,"request":{"agent_id":"agent-3","id":"t/0002","serial":986825808,"token":2},"seq":31}
{"apply_at_local":1778709215,"now_unix":1778709215,"path":"/task_heartbeat","replica_index":0,"request":{"agent_id":"agent-2","id":"t/0003","serial":576004527,"token":3},"seq":32}
{"apply_at_local":1778709217,"now_unix":1778709217,"path":"/task_claim","replica_index":0,"request":{"agent_id":"agent-1","serial":364025945},"seq":33}
{"apply_at_local":1778709218,"now_unix":1778709218,"path":"/task_heartbeat","replica_index":0,"request":{"agent_id":"agent-3","id":"t/0002","serial":56504218,"token":2},"seq":34}
{"apply_at_local":1778709225,"now_unix":1778709225,"path":"/task_heartbeat","replica_index":0,"request":{"agent_id":"agent-2","id":"t/0003","serial":534385538,"token":3},"seq":35}
{"apply_at_local":1778709227,"now_unix":1778709227,"path":"/task_claim","replica_index":0,"request":{"agent_id":"agent-1","serial":958534850},"seq":36}
{"apply_at_local":1778709228,"now_unix":1778709228,"path":"/task_heartbeat","replica_index":0,"request":{"agent_id":"agent-3","id":"t/0002","serial":977163433,"token":2},"seq":37}
{"apply_at_local":1778709235,"now_unix":1778709235,"path":"/task_heartbeat","replica_index":0,"request":{"agent_id":"agent-2","id":"t/0003","serial":515227756,"token":3},"seq":38}
{"apply_at_local":1778709237,"now_unix":1778709237,"path":"/task_claim","replica_index":0,"request":{"agent_id":"agent-1","serial":638785218},"seq":39}
{"apply_at_local":1778709238,"now_unix":1778709238,"path":"/task_heartbeat","replica_index":0,"request":{"agent_id":"agent-3","id":"t/0002","serial":753749871,"token":2},"seq":40}
{"apply_at_local":1778709245,"now_unix":1778709245,"path":"/task_heartbeat","replica_index":0,"request":{"agent_id":"agent-2","id":"t/0003","serial":1036960684,"token":3},"seq":41}
{"apply_at_local":1778709247,"now_unix":1778709247,"path":"/task_claim","replica_index":0,"request":{"agent_id":"agent-1","serial":982242121},"seq":42}
{"apply_at_local":1778709247,"now_unix":1778709247,"path":"/task_complete","replica_index":0,"request":{"agent_id":"agent-3","id":"t/0002","result_branch":"4474ed3eca4ea9be52c1bdf9e382f157b28ba076","result_summary":"Shipped Implement calc/ops.py with pure functions and tests on branch task/t/0002 @ 4474ed3eca4ea9be52c1bdf9e382f157b28ba076.","serial":813893590,"token":2},"seq":43}
{"apply_at_local":1778709255,"now_unix":1778709255,"path":"/task_heartbeat","replica_index":0,"request":{"agent_id":"agent-2","id":"t/0003","serial":44726331,"token":3},"seq":44}
{"apply_at_local":1778709257,"now_unix":1778709257,"path":"/task_claim","replica_index":0,"request":{"agent_id":"agent-1","serial":65046962},"seq":45}
