{"apply_at_local":1778709077,"now_unix":1778709077,"path":"/task_create","replica_index":2,"request":{"agent_id":"human","serial":1,"spec":{"depth":0,"prompt":"Build a Python CLI calculator. Decompose into two implement tasks: (1) calc/ops.py with add/sub/mul/div pure functions and tests in tests/test_ops.py; (2) calc/repl.py providing a REPL that uses calc.ops, with tests in tests/test_repl.py covering one happy-path interaction. branch_base for both is main. The calculator must run end-to-end: `python -m calc.repl` should accept input lines like '1 + 2' and print results.","requires":[],"title":"Build a CLI calculator","type":"plan"}},"seq":1}
{"apply_at_local":1778709123,"now_unix":1778709123,"path":"/task_claim","replica_index":2,"request":{"agent_id":"agent-1","serial":246939412},"seq":2}
{"apply_at_local":1778709124,"now_unix":1778709124,"path":"/task_claim","replica_index":2,"request":{"agent_id":"agent-2","serial":821179080},"seq":3}
{"apply_at_local":1778709127,"now_unix":1778709127,"path":"/task_claim","replica_index":2,"request":{"agent_id":"agent-3","serial":907908025},"seq":4}
{"apply_at_local":1778709128,"now_unix":1778709128,"path":"/task_heartbeat","replica_index":2,"request":{"agent_id":"agent-1","id":"t/0001","serial":789822370,"token":1},"seq":5}
{"apply_at_local":1778709128,"now_unix":1778709128,"path":"/task_claim","replica_index":2,"request":{"agent_id":"agent-2","serial":525900016},"seq":6}
{"apply_at_local":1778709130,"now_unix":1778709130,"path":"/task_claim","replica_index":2,"request":{"agent_id":"agent-3","serial":890807883},"seq":7}
{"apply_at_local":1778709138,"now_unix":1778709138,"path":"/task_heartbeat","replica_index":2,"request":{"agent_id":"agent-1","id":"t/0001","serial":66036555,"token":1},"seq":8}
{"apply_at_local":1778709138,"now_unix":1778709138,"path":"/task_claim","replica_index":2,"request":{"agent_id":"agent-2","serial":957540425},"seq":9}
{"apply_at_local":1778709140,"now_unix":1778709140,"path":"/task_claim","replica_index":2,"request":{"agent_id":"agent-3","serial":530971664},"seq":10}
{"apply_at_local":1778709148,"now_unix":1778709148,"path":"/task_heartbeat","replica_index":2,"request":{"agent_id":"agent-1","id":"t/0001","serial":206073744,"token":1},"seq":11}
{"apply_at_local":1778709148,"now_unix":1778709148,"path":"/task_claim","replica_index":2,"request":{"agent_id":"agent-2","serial":354174637},"seq":12}
{"apply_at_local":1778709150,"now_unix":1778709150,"path":"/task_claim","replica_index":2,"request":{"agent_id":"agent-3","serial":588054960},"seq":13}
{"apply_at_local":1778709158,"now_unix":1778709158,"path":"/task_heartbeat","replica_index":2,"request":{"agent_id":"agent-1","id":"t/0001","serial":706440431,"token":1},"seq":14}
{"apply_at_local":1778709158,"now_unix":1778709158,"path":"/task_claim","replica_index":2,"request":{"agent_id":"agent-2","serial":867889005},"seq":15}
{"apply_at_local":1778709160,"now_unix":1778709160,"path":"/task_claim","replica_index":2,"request":{"agent_id":"agent-3","serial":948075099},"seq":16}
{"apply_at_local":1778709168,"now_unix":1778709168,"path":"/task_heartbeat","replica_index":2,"request":{"agent_id":"agent-1","id":"t/0001","serial":1027844151,"token":1},"seq":17}
{"apply_at_local":1778709168,"now_unix":1778709168,"path":"/task_claim","replica_index":2,"request":{"agent_id":"agent-2","serial":448300692},"seq":18}
{"apply_at_local":1778709171,"now_unix":1778709170,"path":"/task_claim","replica_index":2,"request":{"agent_id":"agent-3","serial":398814568},"seq":19}
{"apply_at_local":1778709178,"now_unix":1778709178,"path":"/task_heartbeat","replica_index":2,"request":{"agent_id":"agent-1","id":"t/0001","serial":816572068,"token":1},"seq":20}
{"apply_at_local":1778709179,"now_unix":1778709178,"path":"/task_claim","replica_index":2,"request":{"agent_id":"agent-2","serial":1011512969},"seq":21}
{"apply_at_local":1778709180,"now_unix":1778709180,"path":"/task_complete","replica_index":2,"request":{"agent_id":"agent-1","id":"t/0001","new_children":[{"branch_base":"main","depth":0,"prompt":"Create calc/ops.py with add, sub, mul, div pure functions. Create tests/test_ops.py with tests for all four operations. div should raise ZeroDivisionError when dividing by zero. Place files in the repo root. branch_base: main","requires":[],"title":"Implement calc/ops.py with pure functions and tests","type":"implement"},{"branch_base":"main","depth":0,"prompt":"Create calc/repl.py providing a REPL that imports and uses calc.ops. The REPL should accept input lines like '1 + 2' and print results. Running `python -m calc.repl` should start the REPL. Create calc/__init__.py if needed. Create tests/test_repl.py with at least one happy-path interaction test. branch_base: main","requires":[],"title":"Implement calc/repl.py REPL and tests","type":"implement"}],"result_summary":"Decomposed into 2 implement tasks: calc/ops.py (pure functions + tests) and calc/repl.py (REPL + tests)","serial":420545960,"token":1},"seq":22}
{"apply_at_local":1778709181,"now_unix":1778709181,"path":"/task_claim","replica_index":2,"request":{"agent_id":"agent-3","serial":949804707},"seq":23}
{"apply_at_local":1778709188,"now_unix":1778709188,"path":"/task_heartbeat","replica_index":2,"request":{"agent_id":"agent-3","id":"t/0002","serial":394845113,"token":2},"seq":24}
{"apply_at_local":1778709189,"now_unix":1778709189,"path":"/task_claim","replica_index":2,"request":{"agent_id":"agent-2","serial":497316171},"seq":25}
{"apply_at_local":1778709195,"now_unix":1778709195,"path":"/task_heartbeat","replica_index":2,"request":{"agent_id":"agent-2","id":"t/0003","serial":494079142,"token":3},"seq":26}
{"apply_at_local":1778709198,"now_unix":1778709198,"path":"/task_heartbeat","replica_index":2,"request":{"agent_id":"agent-3","id":"t/0002","serial":947879502,"token":2},"seq":27}
{"apply_at_local":1778709202,"now_unix":1778709202,"path":"/task_claim","replica_index":2,"request":{"agent_id":"agent-1","serial":178557980},"seq":28}
{"apply_at_local":1778709205,"now_unix":1778709205,"path":"/task_heartbeat","replica_index":2,"request":{"agent_id":"agent-2","id":"t/0003","serial":489799954,"token":3},"seq":29}
{"apply_at_local":1778709207,"now_unix":1778709206,"path":"/task_claim","replica_index":2,"request":{"agent_id":"agent-1","serial":409610273},"seq":30}
{"apply_at_local":1778709208,"now_unix":1778709208,"path":"/task_heartbeat","replica_index":2,"request":{"agent_id":"agent-3","id":"t/0002","serial":986825808,"token":2},"seq":31}
{"apply_at_local":1778709215,"now_unix":1778709215,"path":"/task_heartbeat","replica_index":2,"request":{"agent_id":"agent-2","id":"t/0003","serial":576004527,"token":3},"seq":32}
{"apply_at_local":1778709217,"now_unix":1778709217,"path":"/task_claim","replica_index":2,"request":{"agent_id":"agent-1","serial":364025945},"seq":33}
{"apply_at_local":1778709218,"now_unix":1778709218,"path":"/task_heartbeat","replica_index":2,"request":{"agent_id":"agent-3","id":"t/0002","serial":56504218,"token":2},"seq":34}
{"apply_at_local":1778709225,"now_unix":1778709225,"path":"/task_heartbeat","replica_index":2,"request":{"agent_id":"agent-2","id":"t/0003","serial":534385538,"token":3},"seq":35}
{"apply_at_local":1778709227,"now_unix":1778709227,"path":"/task_claim","replica_index":2,"request":{"agent_id":"agent-1","serial":958534850},"seq":36}
{"apply_at_local":1778709228,"now_unix":1778709228,"path":"/task_heartbeat","replica_index":2,"request":{"agent_id":"agent-3","id":"t/0002","serial":977163433,"token":2},"seq":37}
{"apply_at_local":1778709235,"now_unix":1778709235,"path":"/task_heartbeat","replica_index":2,"request":{"agent_id":"agent-2","id":"t/0003","serial":515227756,"token":3},"seq":38}
{"apply_at_local":1778709237,"now_unix":1778709237,"path":"/task_claim","replica_index":2,"request":{"agent_id":"agent-1","serial":638785218},"seq":39}
{"apply_at_local":1778709238,"now_unix":1778709238,"path":"/task_heartbeat","replica_index":2,"request":{"agent_id":"agent-3","id":"t/0002","serial":753749871,"token":2},"seq":40}
{"apply_at_local":1778709245,"now_unix":1778709245,"path":"/task_heartbeat","replica_index":2,"request":{"agent_id":"agent-2","id":"t/0003","serial":1036960684,"token":3},"seq":41}
{"apply_at_local":1778709247,"now_unix":1778709247,"path":"/task_claim","replica_index":2,"request":{"agent_id":"agent-1","serial":982242121},"seq":42}
{"apply_at_local":1778709247,"now_unix":1778709247,"path":"/task_complete","replica_index":2,"request":{"agent_id":"agent-3","id":"t/0002","result_branch":"4474ed3eca4ea9be52c1bdf9e382f157b28ba076","result_summary":"Shipped Implement calc/ops.py with pure functions and tests on branch task/t/0002 @ 4474ed3eca4ea9be52c1bdf9e382f157b28ba076.","serial":813893590,"token":2},"seq":43}
{"apply_at_local":1778709256,"now_unix":1778709255,"path":"/task_heartbeat","replica_index":2,"request":{"agent_id":"agent-2","id":"t/0003","serial":44726331,"token":3},"seq":44}
{"apply_at_local":1778709257,"now_unix":1778709257,"path":"/task_claim","replica_index":2,"request":{"agent_id":"agent-1","serial":65046962},"seq":45}
{"apply_at_local":1778709259,"now_unix":1778709259,"path":"/task_claim","replica_index":2,"request":{"agent_id":"agent-3","serial":756503154},"seq":46}
{"apply_at_local":1778709262,"now_unix":1778709262,"path":"/task_claim","replica_index":2,"request":{"agent_id":"agent-3","serial":190580274},"seq":47}
{"apply_at_local":1778709266,"now_unix":1778709266,"path":"/task_heartbeat","replica_index":2,"request":{"agent_id":"agent-2","id":"t/0003","serial":481842153,"token":3},"seq":48}
{"apply_at_local":1778709267,"now_unix":1778709267,"path":"/task_heartbeat","replica_index":2,"request":{"agent_id":"agent-1","id":"t/0004","serial":136001521,"token":4},"seq":49}
{"apply_at_local":1778709272,"now_unix":1778709272,"path":"/task_claim","replica_index":2,"request":{"agent_id":"agent-3","serial":234551334},"seq":50}
{"apply_at_local":1778709276,"now_unix":1778709276,"path":"/task_heartbeat","replica_index":2,"request":{"agent_id":"agent-2","id":"t/0003","serial":25070065,"token":3},"seq":51}
{"apply_at_local":1778709277,"now_unix":1778709277,"path":"/task_heartbeat","replica_index":2,"request":{"agent_id":"agent-1","id":"t/0004","serial":364115178,"token":4},"seq":52}
{"apply_at_local":1778709282,"now_unix":1778709282,"path":"/task_claim","replica_index":2,"request":{"agent_id":"agent-3","serial":197306331},"seq":53}
{"apply_at_local":1778709286,"now_unix":1778709286,"path":"/task_heartbeat","replica_index":2,"request":{"agent_id":"agent-2","id":"t/0003","serial":737201739,"token":3},"seq":54}
{"apply_at_local":1778709287,"now_unix":1778709287,"path":"/task_heartbeat","replica_index":2,"request":{"agent_id":"agent-1","id":"t/0004","serial":454350122,"token":4},"seq":55}
{"apply_at_local":1778709292,"now_unix":1778709292,"path":"/task_claim","replica_index":2,"request":{"agent_id":"agent-3","serial":250942875},"seq":56}
{"apply_at_local":1778709296,"now_unix":1778709296,"path":"/task_heartbeat","replica_index":2,"request":{"agent_id":"agent-2","id":"t/0003","serial":616544553,"token":3},"seq":57}
{"apply_at_local":1778709297,"now_unix":1778709297,"path":"/task_heartbeat","replica_index":2,"request":{"agent_id":"agent-1","id":"t/0004","serial":615080202,"token":4},"seq":58}
{"apply_at_local":1778709303,"now_unix":1778709303,"path":"/task_claim","replica_index":2,"request":{"agent_id":"agent-3","serial":783221255},"seq":59}
{"apply_at_local":1778709306,"now_unix":1778709306,"path":"/task_heartbeat","replica_index":2,"request":{"agent_id":"agent-2","id":"t/0003","serial":455619955,"token":3},"seq":60}
{"apply_at_local":1778709307,"now_unix":1778709307,"path":"/task_heartbeat","replica_index":2,"request":{"agent_id":"agent-1","id":"t/0004","serial":600003830,"token":4},"seq":61}
{"apply_at_local":1778709308,"now_unix":1778709308,"path":"/main_lock_acquire","replica_index":2,"request":{"agent_id":"agent-1","merge_task":"t/0004","merge_token":4,"serial":162969225},"seq":62}
{"apply_at_local":1778709313,"now_unix":1778709313,"path":"/task_claim","replica_index":2,"request":{"agent_id":"agent-3","serial":198081440},"seq":63}
{"apply_at_local":1778709317,"now_unix":1778709317,"path":"/task_heartbeat","replica_index":2,"request":{"agent_id":"agent-2","id":"t/0003","serial":384716281,"token":3},"seq":64}
{"apply_at_local":1778709317,"now_unix":1778709317,"path":"/task_heartbeat","replica_index":2,"request":{"agent_id":"agent-1","id":"t/0004","serial":429419038,"token":4},"seq":65}
{"apply_at_local":1778709321,"now_unix":1778709321,"path":"/main_lock_release","replica_index":2,"request":{"agent_id":"agent-1","lock_token":5,"serial":423181848},"seq":66}
{"apply_at_local":1778709321,"now_unix":1778709321,"path":"/task_complete","replica_index":2,"request":{"agent_id":"agent-1","id":"t/0004","result_branch":"4474ed3eca4ea9be52c1bdf9e382f157b28ba076","result_summary":"Merged 4474ed3eca4ea9be52c1bdf9e382f157b28ba076 into main; new HEAD 4474ed3eca4ea9be52c1bdf9e382f157b28ba076.","serial":814051520,"token":4},"seq":67}
{"apply_at_local":1778709323,"now_unix":1778709323,"path":"/task_claim","replica_index":2,"request":{"agent_id":"agent-3","serial":972374124},"seq":68}
{"apply_at_local":1778709327,"now_unix":1778709327,"path":"/task_heartbeat","replica_index":2,"request":{"agent_id":"agent-2","id":"t/0003","serial":306359109,"token":3},"seq":69}
{"apply_at_local":1778709332,"now_unix":1778709332,"path":"/task_claim","replica_index":2,"request":{"agent_id":"agent-1","serial":77863528},"seq":70}
{"apply_at_local":1778709333,"now_unix":1778709333,"path":"/task_claim","replica_index":2,"request":{"agent_id":"agent-3","serial":663559165},"seq":71}
{"apply_at_local":1778709337,"now_unix":1778709337,"path":"/task_claim","replica_index":2,"request":{"agent_id":"agent-1","serial":593961783},"seq":72}
{"apply_at_local":1778709337,"now_unix":1778709337,"path":"/task_heartbeat","replica_index":2,"request":{"agent_id":"agent-2","id":"t/0003","serial":185462360,"token":3},"seq":73}
{"apply_at_local":1778709337,"now_unix":1778709337,"path":"/task_complete","replica_index":2,"request":{"agent_id":"agent-2","id":"t/0003","result_branch":"a4563b14530f7f38abbc80fbfe72f60cd934fa96","result_summary":"Implemented calc/repl.py REPL + tests/test_repl.py; all 13 tests pass","serial":207042063,"token":3},"seq":74}
{"apply_at_local":1778709343,"now_unix":1778709343,"path":"/task_claim","replica_index":2,"request":{"agent_id":"agent-3","serial":517748857},"seq":75}
{"apply_at_local":1778709347,"now_unix":1778709347,"path":"/task_claim","replica_index":2,"request":{"agent_id":"agent-1","serial":361149465},"seq":76}
{"apply_at_local":1778709350,"now_unix":1778709350,"path":"/task_heartbeat","replica_index":2,"request":{"agent_id":"agent-3","id":"t/0005","serial":61937849,"token":6},"seq":77}
{"apply_at_local":1778709352,"now_unix":1778709352,"path":"/task_claim","replica_index":2,"request":{"agent_id":"agent-2","serial":879109659},"seq":78}
{"apply_at_local":1778709355,"now_unix":1778709355,"path":"/task_claim","replica_index":2,"request":{"agent_id":"agent-2","serial":1026933730},"seq":79}
{"apply_at_local":1778709357,"now_unix":1778709357,"path":"/task_claim","replica_index":2,"request":{"agent_id":"agent-1","serial":932294126},"seq":80}
{"apply_at_local":1778709360,"now_unix":1778709360,"path":"/task_heartbeat","replica_index":2,"request":{"agent_id":"agent-3","id":"t/0005","serial":173762754,"token":6},"seq":81}
{"apply_at_local":1778709365,"now_unix":1778709365,"path":"/task_claim","replica_index":2,"request":{"agent_id":"agent-2","serial":456900944},"seq":82}
{"apply_at_local":1778709367,"now_unix":1778709367,"path":"/task_claim","replica_index":2,"request":{"agent_id":"agent-1","serial":248455138},"seq":83}
{"apply_at_local":1778709370,"now_unix":1778709370,"path":"/task_heartbeat","replica_index":2,"request":{"agent_id":"agent-3","id":"t/0005","serial":782003488,"token":6},"seq":84}
{"apply_at_local":1778709375,"now_unix":1778709375,"path":"/task_claim","replica_index":2,"request":{"agent_id":"agent-2","serial":843949581},"seq":85}
{"apply_at_local":1778709377,"now_unix":1778709377,"path":"/task_claim","replica_index":2,"request":{"agent_id":"agent-1","serial":378912529},"seq":86}
{"apply_at_local":1778709381,"now_unix":1778709381,"path":"/task_heartbeat","replica_index":2,"request":{"agent_id":"agent-3","id":"t/0005","serial":1012098676,"token":6},"seq":87}
{"apply_at_local":1778709385,"now_unix":1778709385,"path":"/task_claim","replica_index":2,"request":{"agent_id":"agent-2","serial":88863920},"seq":88}
{"apply_at_local":1778709387,"now_unix":1778709387,"path":"/task_claim","replica_index":2,"request":{"agent_id":"agent-1","serial":1020878813},"seq":89}
{"apply_at_local":1778709388,"now_unix":1778709388,"path":"/main_lock_acquire","replica_index":2,"request":{"agent_id":"agent-3","merge_task":"t/0005","merge_token":6,"serial":171623141},"seq":90}
{"apply_at_local":1778709391,"now_unix":1778709391,"path":"/task_heartbeat","replica_index":2,"request":{"agent_id":"agent-3","id":"t/0005","serial":576279834,"token":6},"seq":91}
{"apply_at_local":1778709395,"now_unix":1778709395,"path":"/task_claim","replica_index":2,"request":{"agent_id":"agent-2","serial":1048841255},"seq":92}
{"apply_at_local":1778709397,"now_unix":1778709397,"path":"/task_claim","replica_index":2,"request":{"agent_id":"agent-1","serial":373454374},"seq":93}
{"apply_at_local":1778709398,"now_unix":1778709398,"path":"/main_lock_release","replica_index":2,"request":{"agent_id":"agent-3","lock_token":7,"serial":551857137},"seq":94}
{"apply_at_local":1778709398,"now_unix":1778709398,"path":"/task_complete","replica_index":2,"request":{"agent_id":"agent-3","id":"t/0005","result_branch":"a4563b14530f7f38abbc80fbfe72f60cd934fa96","result_summary":"Merged a4563b14530f7f38abbc80fbfe72f60cd934fa96 into main; new HEAD a4563b14530f7f38abbc80fbfe72f60cd934fa96.","serial":82554514,"token":6},"seq":95}
{"apply_at_local":1778709405,"now_unix":1778709405,"path":"/task_claim","replica_index":2,"request":{"agent_id":"agent-2","serial":32523513},"seq":96}
{"apply_at_local":1778709408,"now_unix":1778709408,"path":"/task_claim","replica_index":2,"request":{"agent_id":"agent-1","serial":976896443},"seq":97}
{"apply_at_local":1778709412,"now_unix":1778709412,"path":"/task_claim","replica_index":2,"request":{"agent_id":"agent-3","serial":404922677},"seq":98}
{"apply_at_local":1778709415,"now_unix":1778709415,"path":"/task_claim","replica_index":2,"request":{"agent_id":"agent-3","serial":13505198},"seq":99}
{"apply_at_local":1778709416,"now_unix":1778709416,"path":"/task_claim","replica_index":2,"request":{"agent_id":"agent-2","serial":158869081},"seq":100}
{"apply_at_local":1778709418,"now_unix":1778709418,"path":"/task_claim","replica_index":2,"request":{"agent_id":"agent-1","serial":22245447},"seq":101}
{"apply_at_local":1778709425,"now_unix":1778709425,"path":"/task_claim","replica_index":2,"request":{"agent_id":"agent-3","serial":808702692},"seq":102}
{"apply_at_local":1778709426,"now_unix":1778709426,"path":"/task_claim","replica_index":2,"request":{"agent_id":"agent-2","serial":83467869},"seq":103}
{"apply_at_local":1778709428,"now_unix":1778709428,"path":"/task_claim","replica_index":2,"request":{"agent_id":"agent-1","serial":406567894},"seq":104}
{"apply_at_local":1778709435,"now_unix":1778709435,"path":"/task_claim","replica_index":2,"request":{"agent_id":"agent-3","serial":866877053},"seq":105}
{"apply_at_local":1778709436,"now_unix":1778709436,"path":"/task_claim","replica_index":2,"request":{"agent_id":"agent-2","serial":101595530},"seq":106}
{"apply_at_local":1778709438,"now_unix":1778709438,"path":"/task_claim","replica_index":2,"request":{"agent_id":"agent-1","serial":941821811},"seq":107}
{"apply_at_local":1778709445,"now_unix":1778709445,"path":"/task_claim","replica_index":2,"request":{"agent_id":"agent-3","serial":67806521},"seq":108}
{"apply_at_local":1778709446,"now_unix":1778709446,"path":"/task_claim","replica_index":2,"request":{"agent_id":"agent-2","serial":33151111},"seq":109}
{"apply_at_local":1778709448,"now_unix":1778709448,"path":"/task_claim","replica_index":2,"request":{"agent_id":"agent-1","serial":1006642897},"seq":110}
{"apply_at_local":1778709455,"now_unix":1778709455,"path":"/task_claim","replica_index":2,"request":{"agent_id":"agent-3","serial":70384807},"seq":111}
{"apply_at_local":1778709456,"now_unix":1778709456,"path":"/task_claim","replica_index":2,"request":{"agent_id":"agent-2","serial":1061481923},"seq":112}
