{"apply_at_local":1778698837,"now_unix":1778698837,"path":"/task_create","replica_index":0,"request":{"agent_id":"human","serial":1,"spec":{"depth":0,"prompt":"Build a Python CLI calculator. Decompose into two implement tasks: (1) calc/ops.py with add/sub/mul/div pure functions and tests in tests/test_ops.py; (2) calc/repl.py providing a REPL that uses calc.ops, with tests in tests/test_repl.py covering one happy-path interaction. branch_base for both is main. The calculator must run end-to-end: `python -m calc.repl` should accept input lines like '1 + 2' and print results.","requires":[],"title":"Build a CLI calculator","type":"plan"}},"seq":1}
{"apply_at_local":1778698880,"now_unix":1778698880,"path":"/task_claim","replica_index":0,"request":{"agent_id":"agent-1","serial":260947574},"seq":2}
{"apply_at_local":1778698882,"now_unix":1778698882,"path":"/task_claim","replica_index":0,"request":{"agent_id":"agent-2","serial":960714758},"seq":3}
{"apply_at_local":1778698883,"now_unix":1778698883,"path":"/task_heartbeat","replica_index":0,"request":{"agent_id":"agent-1","id":"t/0001","serial":506464309,"token":1},"seq":4}
{"apply_at_local":1778698885,"now_unix":1778698885,"path":"/task_claim","replica_index":0,"request":{"agent_id":"agent-2","serial":13203139},"seq":5}
{"apply_at_local":1778698886,"now_unix":1778698886,"path":"/task_claim","replica_index":0,"request":{"agent_id":"agent-3","serial":414956597},"seq":6}
{"apply_at_local":1778698890,"now_unix":1778698890,"path":"/task_claim","replica_index":0,"request":{"agent_id":"agent-3","serial":821889699},"seq":7}
{"apply_at_local":1778698893,"now_unix":1778698893,"path":"/task_heartbeat","replica_index":0,"request":{"agent_id":"agent-1","id":"t/0001","serial":633655622,"token":1},"seq":8}
{"apply_at_local":1778698896,"now_unix":1778698896,"path":"/task_claim","replica_index":0,"request":{"agent_id":"agent-2","serial":624825198},"seq":9}
{"apply_at_local":1778698900,"now_unix":1778698900,"path":"/task_claim","replica_index":0,"request":{"agent_id":"agent-3","serial":479802892},"seq":10}
{"apply_at_local":1778698904,"now_unix":1778698904,"path":"/task_heartbeat","replica_index":0,"request":{"agent_id":"agent-1","id":"t/0001","serial":214364110,"token":1},"seq":11}
{"apply_at_local":1778698906,"now_unix":1778698906,"path":"/task_claim","replica_index":0,"request":{"agent_id":"agent-2","serial":419522579},"seq":12}
{"apply_at_local":1778698910,"now_unix":1778698910,"path":"/task_claim","replica_index":0,"request":{"agent_id":"agent-3","serial":540743461},"seq":13}
{"apply_at_local":1778698914,"now_unix":1778698914,"path":"/task_heartbeat","replica_index":0,"request":{"agent_id":"agent-1","id":"t/0001","serial":813568772,"token":1},"seq":14}
{"apply_at_local":1778698916,"now_unix":1778698916,"path":"/task_claim","replica_index":0,"request":{"agent_id":"agent-2","serial":335127113},"seq":15}
{"apply_at_local":1778698920,"now_unix":1778698920,"path":"/task_claim","replica_index":0,"request":{"agent_id":"agent-3","serial":456470747},"seq":16}
{"apply_at_local":1778698922,"now_unix":1778698922,"path":"/task_complete","replica_index":0,"request":{"agent_id":"agent-1","id":"t/0001","new_children":[{"branch_base":"main","depth":0,"prompt":"Create calc/ops.py with pure functions: add(a,b), sub(a,b), mul(a,b), div(a,b). div should raise ValueError on division by zero. Also create tests/test_ops.py with unit tests covering all four operations and the div-by-zero case. Add calc/__init__.py if needed. branch_base: main.","requires":[],"title":"Implement calc/ops.py with pure functions and tests","type":"implement"},{"branch_base":"main","depth":0,"prompt":"Create calc/repl.py providing a REPL that imports from calc.ops. It should accept input lines like '1 + 2' and print the result. Running `python -m calc.repl` should start the REPL loop. Also create tests/test_repl.py covering one happy-path interaction (e.g., feeding input '3 * 4' and checking output '12'). branch_base: main.","requires":[],"title":"Implement calc/repl.py REPL and tests","type":"implement"}],"result_summary":"Decomposed into 2 implement tasks: calc/ops.py with tests, and calc/repl.py REPL with tests.","serial":608958003,"token":1},"seq":17}
{"apply_at_local":1778698926,"now_unix":1778698926,"path":"/task_claim","replica_index":0,"request":{"agent_id":"agent-2","serial":782870732},"seq":18}
{"apply_at_local":1778698930,"now_unix":1778698930,"path":"/task_claim","replica_index":0,"request":{"agent_id":"agent-3","serial":843719304},"seq":19}
{"apply_at_local":1778698933,"now_unix":1778698933,"path":"/task_heartbeat","replica_index":0,"request":{"agent_id":"agent-2","id":"t/0002","serial":1045676065,"token":2},"seq":20}
{"apply_at_local":1778698937,"now_unix":1778698937,"path":"/task_claim","replica_index":0,"request":{"agent_id":"agent-1","serial":426352970},"seq":21}
{"apply_at_local":1778698939,"now_unix":1778698939,"path":"/task_heartbeat","replica_index":0,"request":{"agent_id":"agent-3","id":"t/0003","serial":206255808,"token":3},"seq":22}
{"apply_at_local":1778698940,"now_unix":1778698940,"path":"/task_claim","replica_index":0,"request":{"agent_id":"agent-1","serial":339344133},"seq":23}
{"apply_at_local":1778698943,"now_unix":1778698943,"path":"/task_heartbeat","replica_index":0,"request":{"agent_id":"agent-2","id":"t/0002","serial":710156609,"token":2},"seq":24}
{"apply_at_local":1778698949,"now_unix":1778698949,"path":"/task_heartbeat","replica_index":0,"request":{"agent_id":"agent-3","id":"t/0003","serial":679571551,"token":3},"seq":25}
{"apply_at_local":1778698950,"now_unix":1778698950,"path":"/task_claim","replica_index":0,"request":{"agent_id":"agent-1","serial":1070455565},"seq":26}
{"apply_at_local":1778698954,"now_unix":1778698954,"path":"/task_heartbeat","replica_index":0,"request":{"agent_id":"agent-2","id":"t/0002","serial":566812752,"token":2},"seq":27}
{"apply_at_local":1778698960,"now_unix":1778698960,"path":"/task_heartbeat","replica_index":0,"request":{"agent_id":"agent-3","id":"t/0003","serial":296440983,"token":3},"seq":28}
{"apply_at_local":1778698960,"now_unix":1778698960,"path":"/task_claim","replica_index":0,"request":{"agent_id":"agent-1","serial":502095411},"seq":29}
{"apply_at_local":1778698964,"now_unix":1778698964,"path":"/task_heartbeat","replica_index":0,"request":{"agent_id":"agent-2","id":"t/0002","serial":363868184,"token":2},"seq":30}
{"apply_at_local":1778698970,"now_unix":1778698970,"path":"/task_heartbeat","replica_index":0,"request":{"agent_id":"agent-3","id":"t/0003","serial":508382961,"token":3},"seq":31}
{"apply_at_local":1778698971,"now_unix":1778698971,"path":"/task_claim","replica_index":0,"request":{"agent_id":"agent-1","serial":326326702},"seq":32}
{"apply_at_local":1778698974,"now_unix":1778698974,"path":"/task_heartbeat","replica_index":0,"request":{"agent_id":"agent-2","id":"t/0002","serial":627528390,"token":2},"seq":33}
{"apply_at_local":1778698980,"now_unix":1778698980,"path":"/task_heartbeat","replica_index":0,"request":{"agent_id":"agent-3","id":"t/0003","serial":972816179,"token":3},"seq":34}
{"apply_at_local":1778698981,"now_unix":1778698981,"path":"/task_claim","replica_index":0,"request":{"agent_id":"agent-1","serial":921841558},"seq":35}
{"apply_at_local":1778698984,"now_unix":1778698984,"path":"/task_heartbeat","replica_index":0,"request":{"agent_id":"agent-2","id":"t/0002","serial":152168880,"token":2},"seq":36}
{"apply_at_local":1778698990,"now_unix":1778698990,"path":"/task_heartbeat","replica_index":0,"request":{"agent_id":"agent-3","id":"t/0003","serial":809962239,"token":3},"seq":37}
{"apply_at_local":1778698991,"now_unix":1778698991,"path":"/task_claim","replica_index":0,"request":{"agent_id":"agent-1","serial":750338817},"seq":38}
{"apply_at_local":1778698994,"now_unix":1778698994,"path":"/task_heartbeat","replica_index":0,"request":{"agent_id":"agent-2","id":"t/0002","serial":260418204,"token":2},"seq":39}
{"apply_at_local":1778698996,"now_unix":1778698996,"path":"/task_complete","replica_index":0,"request":{"agent_id":"agent-2","id":"t/0002","result_branch":"5f24ef0f8683de1b12a68cbae04ff12b78047d12","result_summary":"Implemented calc/ops.py with add/sub/mul/div pure functions and tests/test_ops.py with 5 unit tests; all pass.","serial":845640664,"token":2},"seq":40}
{"apply_at_local":1778699000,"now_unix":1778699000,"path":"/task_heartbeat","replica_index":0,"request":{"agent_id":"agent-3","id":"t/0003","serial":319858614,"token":3},"seq":41}
{"apply_at_local":1778699001,"now_unix":1778699001,"path":"/task_claim","replica_index":0,"request":{"agent_id":"agent-1","serial":5718900},"seq":42}
{"apply_at_local":1778699008,"now_unix":1778699008,"path":"/task_heartbeat","replica_index":0,"request":{"agent_id":"agent-1","id":"t/0004","serial":196030151,"token":4},"seq":43}
{"apply_at_local":1778699010,"now_unix":1778699010,"path":"/task_heartbeat","replica_index":0,"request":{"agent_id":"agent-3","id":"t/0003","serial":934729212,"token":3},"seq":44}
{"apply_at_local":1778699013,"now_unix":1778699013,"path":"/task_claim","replica_index":0,"request":{"agent_id":"agent-2","serial":215879662},"seq":45}
{"apply_at_local":1778699015,"now_unix":1778699015,"path":"/task_claim","replica_index":0,"request":{"agent_id":"agent-2","serial":810104474},"seq":46}
{"apply_at_local":1778699018,"now_unix":1778699018,"path":"/task_heartbeat","replica_index":0,"request":{"agent_id":"agent-1","id":"t/0004","serial":248368501,"token":4},"seq":47}
{"apply_at_local":1778699020,"now_unix":1778699020,"path":"/task_heartbeat","replica_index":0,"request":{"agent_id":"agent-3","id":"t/0003","serial":848370424,"token":3},"seq":48}
{"apply_at_local":1778699026,"now_unix":1778699026,"path":"/task_claim","replica_index":0,"request":{"agent_id":"agent-2","serial":227386198},"seq":49}
{"apply_at_local":1778699028,"now_unix":1778699028,"path":"/task_heartbeat","replica_index":0,"request":{"agent_id":"agent-1","id":"t/0004","serial":487769028,"token":4},"seq":50}
{"apply_at_local":1778699030,"now_unix":1778699030,"path":"/task_heartbeat","replica_index":0,"request":{"agent_id":"agent-3","id":"t/0003","serial":828493298,"token":3},"seq":51}
{"apply_at_local":1778699036,"now_unix":1778699036,"path":"/task_claim","replica_index":0,"request":{"agent_id":"agent-2","serial":100240114},"seq":52}
{"apply_at_local":1778699038,"now_unix":1778699038,"path":"/task_heartbeat","replica_index":0,"request":{"agent_id":"agent-1","id":"t/0004","serial":677367927,"token":4},"seq":53}
{"apply_at_local":1778699041,"now_unix":1778699041,"path":"/task_heartbeat","replica_index":0,"request":{"agent_id":"agent-3","id":"t/0003","serial":749495083,"token":3},"seq":54}
{"apply_at_local":1778699043,"now_unix":1778699043,"path":"/main_lock_acquire","replica_index":0,"request":{"agent_id":"agent-1","merge_task":"t/0004","merge_token":4,"serial":53640626},"seq":55}
{"apply_at_local":1778699046,"now_unix":1778699046,"path":"/task_claim","replica_index":0,"request":{"agent_id":"agent-2","serial":756391293},"seq":56}
{"apply_at_local":1778699049,"now_unix":1778699049,"path":"/task_heartbeat","replica_index":0,"request":{"agent_id":"agent-1","id":"t/0004","serial":595397363,"token":4},"seq":57}
{"apply_at_local":1778699050,"now_unix":1778699050,"path":"/main_lock_release","replica_index":0,"request":{"agent_id":"agent-1","lock_token":5,"serial":167513279},"seq":58}
{"apply_at_local":1778699051,"now_unix":1778699051,"path":"/task_heartbeat","replica_index":0,"request":{"agent_id":"agent-3","id":"t/0003","serial":227949657,"token":3},"seq":59}
{"apply_at_local":1778699056,"now_unix":1778699056,"path":"/task_claim","replica_index":0,"request":{"agent_id":"agent-2","serial":115409627},"seq":60}
{"apply_at_local":1778699056,"now_unix":1778699056,"path":"/task_complete","replica_index":0,"request":{"agent_id":"agent-3","id":"t/0003","result_branch":"994f6e65d3af8304e1062a0a6a4d94ccbe0c3a96","result_summary":"Shipped calc/repl.py REPL + tests/test_repl.py on branch task/t/0003 @ 994f6e65d3af8304e1062a0a6a4d94ccbe0c3a96; all 3 tests pass.","serial":938842891,"token":3},"seq":61}
{"apply_at_local":1778699059,"now_unix":1778699059,"path":"/task_heartbeat","replica_index":0,"request":{"agent_id":"agent-1","id":"t/0004","serial":673236038,"token":4},"seq":62}
{"apply_at_local":1778699066,"now_unix":1778699066,"path":"/task_claim","replica_index":0,"request":{"agent_id":"agent-2","serial":511867442},"seq":63}
{"apply_at_local":1778699069,"now_unix":1778699069,"path":"/task_heartbeat","replica_index":0,"request":{"agent_id":"agent-1","id":"t/0004","serial":388347433,"token":4},"seq":64}
{"apply_at_local":1778699074,"now_unix":1778699074,"path":"/task_heartbeat","replica_index":0,"request":{"agent_id":"agent-2","id":"t/0005","serial":909363362,"token":6},"seq":65}
{"apply_at_local":1778699075,"now_unix":1778699074,"path":"/main_lock_acquire","replica_index":0,"request":{"agent_id":"agent-1","merge_task":"t/0004","merge_token":4,"serial":186441773},"seq":66}
{"apply_at_local":1778699079,"now_unix":1778699079,"path":"/task_heartbeat","replica_index":0,"request":{"agent_id":"agent-1","id":"t/0004","serial":494055957,"token":4},"seq":67}
{"apply_at_local":1778699083,"now_unix":1778699083,"path":"/task_claim","replica_index":0,"request":{"agent_id":"agent-3","serial":932864805},"seq":68}
{"apply_at_local":1778699084,"now_unix":1778699084,"path":"/task_heartbeat","replica_index":0,"request":{"agent_id":"agent-2","id":"t/0005","serial":421619309,"token":6},"seq":69}
{"apply_at_local":1778699088,"now_unix":1778699088,"path":"/task_claim","replica_index":0,"request":{"agent_id":"agent-3","serial":871988042},"seq":70}
{"apply_at_local":1778699089,"now_unix":1778699089,"path":"/main_lock_release","replica_index":0,"request":{"agent_id":"agent-1","lock_token":7,"serial":512327915},"seq":71}
{"apply_at_local":1778699089,"now_unix":1778699089,"path":"/task_complete","replica_index":0,"request":{"agent_id":"agent-1","id":"t/0004","result_branch":"0efaab8286761bc4fc84d1f1efde4218de8881f9","result_summary":"Merged 5f24ef0f8683de1b12a68cbae04ff12b78047d12 into main; new HEAD 0efaab8286761bc4fc84d1f1efde4218de8881f9.","serial":615934018,"token":4},"seq":72}
{"apply_at_local":1778699095,"now_unix":1778699094,"path":"/task_heartbeat","replica_index":0,"request":{"agent_id":"agent-2","id":"t/0005","serial":303947544,"token":6},"seq":73}
{"apply_at_local":1778699098,"now_unix":1778699098,"path":"/task_claim","replica_index":0,"request":{"agent_id":"agent-3","serial":842482024},"seq":74}
{"apply_at_local":1778699099,"now_unix":1778699099,"path":"/task_claim","replica_index":0,"request":{"agent_id":"agent-1","serial":871199119},"seq":75}
{"apply_at_local":1778699103,"now_unix":1778699103,"path":"/task_claim","replica_index":0,"request":{"agent_id":"agent-1","serial":154776248},"seq":76}
{"apply_at_local":1778699105,"now_unix":1778699105,"path":"/task_heartbeat","replica_index":0,"request":{"agent_id":"agent-2","id":"t/0005","serial":688727388,"token":6},"seq":77}
{"apply_at_local":1778699110,"now_unix":1778699110,"path":"/task_claim","replica_index":0,"request":{"agent_id":"agent-3","serial":19639223},"seq":78}
{"apply_at_local":1778699113,"now_unix":1778699113,"path":"/task_claim","replica_index":0,"request":{"agent_id":"agent-1","serial":590089049},"seq":79}
{"apply_at_local":1778699115,"now_unix":1778699115,"path":"/task_heartbeat","replica_index":0,"request":{"agent_id":"agent-2","id":"t/0005","serial":598318749,"token":6},"seq":80}
{"apply_at_local":1778699120,"now_unix":1778699120,"path":"/task_claim","replica_index":0,"request":{"agent_id":"agent-3","serial":89558752},"seq":81}
{"apply_at_local":1778699123,"now_unix":1778699123,"path":"/task_claim","replica_index":0,"request":{"agent_id":"agent-1","serial":983407850},"seq":82}
{"apply_at_local":1778699125,"now_unix":1778699125,"path":"/task_heartbeat","replica_index":0,"request":{"agent_id":"agent-2","id":"t/0005","serial":605954614,"token":6},"seq":83}
{"apply_at_local":1778699130,"now_unix":1778699130,"path":"/task_claim","replica_index":0,"request":{"agent_id":"agent-3","serial":356726798},"seq":84}
{"apply_at_local":1778699133,"now_unix":1778699133,"path":"/task_claim","replica_index":0,"request":{"agent_id":"agent-1","serial":644471120},"seq":85}
{"apply_at_local":1778699135,"now_unix":1778699135,"path":"/task_heartbeat","replica_index":0,"request":{"agent_id":"agent-2","id":"t/0005","serial":459898985,"token":6},"seq":86}
{"apply_at_local":1778699140,"now_unix":1778699140,"path":"/task_claim","replica_index":0,"request":{"agent_id":"agent-3","serial":449685163},"seq":87}
{"apply_at_local":1778699144,"now_unix":1778699143,"path":"/task_claim","replica_index":0,"request":{"agent_id":"agent-1","serial":74442875},"seq":88}
{"apply_at_local":1778699145,"now_unix":1778699145,"path":"/task_heartbeat","replica_index":0,"request":{"agent_id":"agent-2","id":"t/0005","serial":404314418,"token":6},"seq":89}
{"apply_at_local":1778699151,"now_unix":1778699150,"path":"/task_claim","replica_index":0,"request":{"agent_id":"agent-3","serial":345458059},"seq":90}
{"apply_at_local":1778699154,"now_unix":1778699154,"path":"/task_claim","replica_index":0,"request":{"agent_id":"agent-1","serial":44846345},"seq":91}
{"apply_at_local":1778699156,"now_unix":1778699156,"path":"/task_heartbeat","replica_index":0,"request":{"agent_id":"agent-2","id":"t/0005","serial":1046539238,"token":6},"seq":92}
{"apply_at_local":1778699161,"now_unix":1778699161,"path":"/task_claim","replica_index":0,"request":{"agent_id":"agent-3","serial":299583740},"seq":93}
{"apply_at_local":1778699164,"now_unix":1778699164,"path":"/task_claim","replica_index":0,"request":{"agent_id":"agent-1","serial":300536392},"seq":94}
{"apply_at_local":1778699166,"now_unix":1778699166,"path":"/task_heartbeat","replica_index":0,"request":{"agent_id":"agent-2","id":"t/0005","serial":694232590,"token":6},"seq":95}
{"apply_at_local":1778699171,"now_unix":1778699171,"path":"/task_claim","replica_index":0,"request":{"agent_id":"agent-3","serial":166809066},"seq":96}
{"apply_at_local":1778699174,"now_unix":1778699174,"path":"/task_claim","replica_index":0,"request":{"agent_id":"agent-1","serial":708880153},"seq":97}
{"apply_at_local":1778699176,"now_unix":1778699176,"path":"/task_heartbeat","replica_index":0,"request":{"agent_id":"agent-2","id":"t/0005","serial":168647912,"token":6},"seq":98}
{"apply_at_local":1778699181,"now_unix":1778699181,"path":"/task_claim","replica_index":0,"request":{"agent_id":"agent-3","serial":188213916},"seq":99}
{"apply_at_local":1778699184,"now_unix":1778699184,"path":"/task_claim","replica_index":0,"request":{"agent_id":"agent-1","serial":523495898},"seq":100}
{"apply_at_local":1778699186,"now_unix":1778699186,"path":"/task_heartbeat","replica_index":0,"request":{"agent_id":"agent-2","id":"t/0005","serial":910452310,"token":6},"seq":101}
{"apply_at_local":1778699192,"now_unix":1778699192,"path":"/task_claim","replica_index":0,"request":{"agent_id":"agent-3","serial":170083467},"seq":102}
{"apply_at_local":1778699194,"now_unix":1778699194,"path":"/task_claim","replica_index":0,"request":{"agent_id":"agent-1","serial":898794237},"seq":103}
{"apply_at_local":1778699196,"now_unix":1778699196,"path":"/task_heartbeat","replica_index":0,"request":{"agent_id":"agent-2","id":"t/0005","serial":962150184,"token":6},"seq":104}
{"apply_at_local":1778699202,"now_unix":1778699202,"path":"/task_claim","replica_index":0,"request":{"agent_id":"agent-3","serial":765670866},"seq":105}
{"apply_at_local":1778699204,"now_unix":1778699204,"path":"/task_claim","replica_index":0,"request":{"agent_id":"agent-1","serial":719159797},"seq":106}
{"apply_at_local":1778699206,"now_unix":1778699206,"path":"/task_heartbeat","replica_index":0,"request":{"agent_id":"agent-2","id":"t/0005","serial":729876154,"token":6},"seq":107}
{"apply_at_local":1778699212,"now_unix":1778699212,"path":"/task_claim","replica_index":0,"request":{"agent_id":"agent-3","serial":289348585},"seq":108}
{"apply_at_local":1778699215,"now_unix":1778699214,"path":"/task_claim","replica_index":0,"request":{"agent_id":"agent-1","serial":730633917},"seq":109}
{"apply_at_local":1778699216,"now_unix":1778699216,"path":"/task_heartbeat","replica_index":0,"request":{"agent_id":"agent-2","id":"t/0005","serial":25534856,"token":6},"seq":110}
{"apply_at_local":1778699222,"now_unix":1778699222,"path":"/task_claim","replica_index":0,"request":{"agent_id":"agent-3","serial":641952141},"seq":111}
{"apply_at_local":1778699225,"now_unix":1778699225,"path":"/task_claim","replica_index":0,"request":{"agent_id":"agent-1","serial":1023132191},"seq":112}
{"apply_at_local":1778699227,"now_unix":1778699226,"path":"/task_heartbeat","replica_index":0,"request":{"agent_id":"agent-2","id":"t/0005","serial":1065199212,"token":6},"seq":113}
{"apply_at_local":1778699232,"now_unix":1778699232,"path":"/task_claim","replica_index":0,"request":{"agent_id":"agent-3","serial":251050919},"seq":114}
{"apply_at_local":1778699235,"now_unix":1778699235,"path":"/task_claim","replica_index":0,"request":{"agent_id":"agent-1","serial":794836952},"seq":115}
{"apply_at_local":1778699237,"now_unix":1778699237,"path":"/task_heartbeat","replica_index":0,"request":{"agent_id":"agent-2","id":"t/0005","serial":950649363,"token":6},"seq":116}
{"apply_at_local":1778699238,"now_unix":1778699237,"path":"/main_lock_acquire","replica_index":0,"request":{"agent_id":"agent-2","merge_task":"t/0005","merge_token":6,"serial":882656643},"seq":117}
{"apply_at_local":1778699242,"now_unix":1778699242,"path":"/task_claim","replica_index":0,"request":{"agent_id":"agent-3","serial":983152815},"seq":118}
{"apply_at_local":1778699245,"now_unix":1778699245,"path":"/task_claim","replica_index":0,"request":{"agent_id":"agent-1","serial":170059881},"seq":119}
{"apply_at_local":1778699247,"now_unix":1778699247,"path":"/task_heartbeat","replica_index":0,"request":{"agent_id":"agent-2","id":"t/0005","serial":1013784491,"token":6},"seq":120}
{"apply_at_local":1778699251,"now_unix":1778699251,"path":"/main_lock_release","replica_index":0,"request":{"agent_id":"agent-2","lock_token":8,"serial":824218093},"seq":121}
{"apply_at_local":1778699253,"now_unix":1778699252,"path":"/task_claim","replica_index":0,"request":{"agent_id":"agent-3","serial":434170070},"seq":122}
{"apply_at_local":1778699255,"now_unix":1778699255,"path":"/task_claim","replica_index":0,"request":{"agent_id":"agent-1","serial":695195196},"seq":123}
{"apply_at_local":1778699257,"now_unix":1778699257,"path":"/task_heartbeat","replica_index":0,"request":{"agent_id":"agent-2","id":"t/0005","serial":25275709,"token":6},"seq":124}
{"apply_at_local":1778699263,"now_unix":1778699263,"path":"/task_claim","replica_index":0,"request":{"agent_id":"agent-3","serial":553680693},"seq":125}
{"apply_at_local":1778699265,"now_unix":1778699265,"path":"/task_claim","replica_index":0,"request":{"agent_id":"agent-1","serial":339368500},"seq":126}
{"apply_at_local":1778699267,"now_unix":1778699267,"path":"/task_heartbeat","replica_index":0,"request":{"agent_id":"agent-2","id":"t/0005","serial":272310397,"token":6},"seq":127}
{"apply_at_local":1778699273,"now_unix":1778699273,"path":"/task_claim","replica_index":0,"request":{"agent_id":"agent-3","serial":1041049930},"seq":128}
{"apply_at_local":1778699275,"now_unix":1778699275,"path":"/task_claim","replica_index":0,"request":{"agent_id":"agent-1","serial":290412537},"seq":129}
{"apply_at_local":1778699277,"now_unix":1778699277,"path":"/task_heartbeat","replica_index":0,"request":{"agent_id":"agent-2","id":"t/0005","serial":658746370,"token":6},"seq":130}
{"apply_at_local":1778699283,"now_unix":1778699283,"path":"/task_claim","replica_index":0,"request":{"agent_id":"agent-3","serial":519438683},"seq":131}
{"apply_at_local":1778699286,"now_unix":1778699285,"path":"/task_claim","replica_index":0,"request":{"agent_id":"agent-1","serial":185312748},"seq":132}
{"apply_at_local":1778699287,"now_unix":1778699287,"path":"/task_heartbeat","replica_index":0,"request":{"agent_id":"agent-2","id":"t/0005","serial":110946098,"token":6},"seq":133}
{"apply_at_local":1778699293,"now_unix":1778699293,"path":"/task_claim","replica_index":0,"request":{"agent_id":"agent-3","serial":789394826},"seq":134}
{"apply_at_local":1778699297,"now_unix":1778699297,"path":"/task_claim","replica_index":0,"request":{"agent_id":"agent-1","serial":35195476},"seq":135}
{"apply_at_local":1778699298,"now_unix":1778699297,"path":"/task_heartbeat","replica_index":0,"request":{"agent_id":"agent-2","id":"t/0005","serial":341436418,"token":6},"seq":136}
{"apply_at_local":1778699298,"now_unix":1778699298,"path":"/task_complete","replica_index":0,"request":{"agent_id":"agent-2","id":"t/0005","result_branch":"2fe0801c374d4cb432d08570da7fc4f2c310c926","result_summary":"Merged 994f6e65d3af8304e1062a0a6a4d94ccbe0c3a96 into main; resolved conflict in calc/ops.py by adding evaluate() and backward-compat aliases; new HEAD 2fe0801c374d4cb432d08570da7fc4f2c310c926.","serial":949261004,"token":6},"seq":137}
{"apply_at_local":1778699303,"now_unix":1778699303,"path":"/task_claim","replica_index":0,"request":{"agent_id":"agent-3","serial":468694063},"seq":138}
{"apply_at_local":1778699307,"now_unix":1778699307,"path":"/task_claim","replica_index":0,"request":{"agent_id":"agent-1","serial":148059150},"seq":139}
{"apply_at_local":1778699312,"now_unix":1778699312,"path":"/task_claim","replica_index":0,"request":{"agent_id":"agent-2","serial":626871954},"seq":140}
{"apply_at_local":1778699314,"now_unix":1778699313,"path":"/task_claim","replica_index":0,"request":{"agent_id":"agent-3","serial":1068041608},"seq":141}
{"apply_at_local":1778699316,"now_unix":1778699316,"path":"/task_claim","replica_index":0,"request":{"agent_id":"agent-2","serial":705488742},"seq":142}
{"apply_at_local":1778699317,"now_unix":1778699317,"path":"/task_claim","replica_index":0,"request":{"agent_id":"agent-1","serial":488275414},"seq":143}
