{"now_unix":1778685170,"path":"/task_create","request":{"agent_id":"human","serial":1,"spec":{"depth":0,"prompt":"Build a Python CLI calculator. Decompose into two implement tasks: (1) calc/ops.py with add/sub/mul/div pure functions and tests in tests/test_ops.py; (2) calc/repl.py providing a REPL that uses calc.ops, with tests in tests/test_repl.py covering one happy-path interaction. branch_base for both is main. The calculator must run end-to-end: `python -m calc.repl` should accept input lines like '1 + 2' and print results.","requires":[],"title":"Build a CLI calculator","type":"plan"}},"seq":1}
{"now_unix":1778685300,"path":"/task_claim","request":{"agent_id":"agent-1","serial":33724263},"seq":2}
{"now_unix":1778685303,"path":"/task_heartbeat","request":{"agent_id":"agent-1","id":"t/0001","serial":1041954595,"token":1},"seq":3}
{"now_unix":1778685309,"path":"/task_claim","request":{"agent_id":"agent-2","serial":82731902},"seq":4}
{"now_unix":1778685313,"path":"/task_claim","request":{"agent_id":"agent-2","serial":674269463},"seq":5}
{"now_unix":1778685313,"path":"/task_heartbeat","request":{"agent_id":"agent-1","id":"t/0001","serial":842263275,"token":1},"seq":6}
{"now_unix":1778685323,"path":"/task_claim","request":{"agent_id":"agent-2","serial":132426948},"seq":7}
{"now_unix":1778685323,"path":"/task_heartbeat","request":{"agent_id":"agent-1","id":"t/0001","serial":556249296,"token":1},"seq":8}
{"now_unix":1778685333,"path":"/task_claim","request":{"agent_id":"agent-2","serial":862082077},"seq":9}
{"now_unix":1778685333,"path":"/task_heartbeat","request":{"agent_id":"agent-1","id":"t/0001","serial":295793865,"token":1},"seq":10}
{"now_unix":1778685335,"path":"/task_complete","request":{"agent_id":"agent-1","id":"t/0001","new_children":[{"branch_base":"main","depth":0,"prompt":"Implement add, subtract, multiply, divide as pure functions in calc/ops.py. Also create tests/test_ops.py with unit tests for each function including edge cases (divide by zero should raise ValueError). branch_base is main.","requires":[],"title":"calc ops module","type":"implement"},{"branch_base":"main","depth":0,"prompt":"Implement a REPL in calc/repl.py that reads input lines like '1 + 2' and prints results. Use calc.ops for arithmetic. Also create tests/test_repl.py with at least one happy-path test. The module must be runnable as `python -m calc.repl`. branch_base is main.","requires":[],"title":"calc REPL","type":"implement"}],"result_summary":"Decomposed into 2 implement tasks: calc/ops.py and calc/repl.py","serial":107705230,"token":1},"seq":11}
{"now_unix":1778685343,"path":"/task_claim","request":{"agent_id":"agent-2","serial":28883260},"seq":12}
{"now_unix":1778685348,"path":"/task_claim","request":{"agent_id":"agent-3","serial":420550414},"seq":13}
{"now_unix":1778685349,"path":"/task_claim","request":{"agent_id":"agent-1","serial":597502885},"seq":14}
{"now_unix":1778685351,"path":"/task_heartbeat","request":{"agent_id":"agent-2","id":"t/0002","serial":689903813,"token":2},"seq":15}
{"now_unix":1778685352,"path":"/task_heartbeat","request":{"agent_id":"agent-3","id":"t/0003","serial":679301122,"token":3},"seq":16}
{"now_unix":1778685353,"path":"/task_claim","request":{"agent_id":"agent-1","serial":996218512},"seq":17}
{"now_unix":1778685361,"path":"/task_heartbeat","request":{"agent_id":"agent-2","id":"t/0002","serial":1039640492,"token":2},"seq":18}
{"now_unix":1778685362,"path":"/task_heartbeat","request":{"agent_id":"agent-3","id":"t/0003","serial":1020084705,"token":3},"seq":19}
{"now_unix":1778685363,"path":"/task_claim","request":{"agent_id":"agent-1","serial":911037515},"seq":20}
{"now_unix":1778685371,"path":"/task_heartbeat","request":{"agent_id":"agent-2","id":"t/0002","serial":811024427,"token":2},"seq":21}
{"now_unix":1778685372,"path":"/task_heartbeat","request":{"agent_id":"agent-3","id":"t/0003","serial":395592367,"token":3},"seq":22}
{"now_unix":1778685373,"path":"/task_claim","request":{"agent_id":"agent-1","serial":286871788},"seq":23}
{"now_unix":1778685381,"path":"/task_heartbeat","request":{"agent_id":"agent-2","id":"t/0002","serial":256050415,"token":2},"seq":24}
{"now_unix":1778685382,"path":"/task_heartbeat","request":{"agent_id":"agent-3","id":"t/0003","serial":392321626,"token":3},"seq":25}
{"now_unix":1778685383,"path":"/task_claim","request":{"agent_id":"agent-1","serial":865119196},"seq":26}
{"now_unix":1778685392,"path":"/task_heartbeat","request":{"agent_id":"agent-2","id":"t/0002","serial":241990415,"token":2},"seq":27}
{"now_unix":1778685392,"path":"/task_heartbeat","request":{"agent_id":"agent-3","id":"t/0003","serial":174169673,"token":3},"seq":28}
{"now_unix":1778685393,"path":"/task_claim","request":{"agent_id":"agent-1","serial":161945923},"seq":29}
{"now_unix":1778685402,"path":"/task_heartbeat","request":{"agent_id":"agent-2","id":"t/0002","serial":419512818,"token":2},"seq":30}
{"now_unix":1778685402,"path":"/task_heartbeat","request":{"agent_id":"agent-3","id":"t/0003","serial":37920578,"token":3},"seq":31}
{"now_unix":1778685403,"path":"/task_claim","request":{"agent_id":"agent-1","serial":72561249},"seq":32}
{"now_unix":1778685412,"path":"/task_heartbeat","request":{"agent_id":"agent-2","id":"t/0002","serial":196704695,"token":2},"seq":33}
{"now_unix":1778685412,"path":"/task_heartbeat","request":{"agent_id":"agent-3","id":"t/0003","serial":385192335,"token":3},"seq":34}
{"now_unix":1778685414,"path":"/task_claim","request":{"agent_id":"agent-1","serial":388810601},"seq":35}
{"now_unix":1778685422,"path":"/task_heartbeat","request":{"agent_id":"agent-2","id":"t/0002","serial":206681536,"token":2},"seq":36}
{"now_unix":1778685423,"path":"/task_complete","request":{"agent_id":"agent-2","id":"t/0002","result_branch":"09ab804ad5d37616dc80fc2e529affa16a6ad62b","result_summary":"Shipped calc ops module on branch task/t/0002 @ 09ab804ad5d37616dc80fc2e529affa16a6ad62b.","serial":1016825460,"token":2},"seq":37}
{"now_unix":1778685423,"path":"/task_heartbeat","request":{"agent_id":"agent-3","id":"t/0003","serial":666220589,"token":3},"seq":38}
{"now_unix":1778685424,"path":"/task_claim","request":{"agent_id":"agent-1","serial":267935744},"seq":39}
{"now_unix":1778685433,"path":"/task_heartbeat","request":{"agent_id":"agent-1","id":"t/0004","serial":876081108,"token":4},"seq":40}
{"now_unix":1778685433,"path":"/task_heartbeat","request":{"agent_id":"agent-3","id":"t/0003","serial":91862599,"token":3},"seq":41}
{"now_unix":1778685437,"path":"/task_claim","request":{"agent_id":"agent-2","serial":177866660},"seq":42}
{"now_unix":1778685439,"path":"/task_complete","request":{"agent_id":"agent-3","id":"t/0003","result_branch":"c86af02540ff6d0288914f64baa67d8f3b019d33","result_summary":"Shipped calc REPL on branch task/t/0003 @ c86af02540ff6d0288914f64baa67d8f3b019d33.","serial":384333276,"token":3},"seq":43}
{"now_unix":1778685440,"path":"/task_claim","request":{"agent_id":"agent-2","serial":534357929},"seq":44}
{"now_unix":1778685443,"path":"/task_heartbeat","request":{"agent_id":"agent-1","id":"t/0004","serial":495134059,"token":4},"seq":45}
{"now_unix":1778685450,"path":"/task_heartbeat","request":{"agent_id":"agent-2","id":"t/0005","serial":264574922,"token":5},"seq":46}
{"now_unix":1778685453,"path":"/task_heartbeat","request":{"agent_id":"agent-1","id":"t/0004","serial":1020792872,"token":4},"seq":47}
{"now_unix":1778685454,"path":"/task_claim","request":{"agent_id":"agent-3","serial":462931454},"seq":48}
{"now_unix":1778685457,"path":"/task_claim","request":{"agent_id":"agent-3","serial":862987349},"seq":49}
{"now_unix":1778685460,"path":"/task_heartbeat","request":{"agent_id":"agent-2","id":"t/0005","serial":1004716989,"token":5},"seq":50}
{"now_unix":1778685463,"path":"/task_heartbeat","request":{"agent_id":"agent-1","id":"t/0004","serial":99242689,"token":4},"seq":51}
{"now_unix":1778685464,"path":"/main_lock_acquire","request":{"agent_id":"agent-1","merge_task":"t/0004","merge_token":4,"serial":196622438},"seq":52}
{"now_unix":1778685467,"path":"/task_claim","request":{"agent_id":"agent-3","serial":851009884},"seq":53}
{"now_unix":1778685471,"path":"/task_heartbeat","request":{"agent_id":"agent-2","id":"t/0005","serial":709202073,"token":5},"seq":54}
{"now_unix":1778685471,"path":"/main_lock_release","request":{"agent_id":"agent-1","lock_token":6,"serial":148168319},"seq":55}
{"now_unix":1778685471,"path":"/task_complete","request":{"agent_id":"agent-1","id":"t/0004","result_branch":"09ab804ad5d37616dc80fc2e529affa16a6ad62b","result_summary":"Merged 09ab804ad5d37616dc80fc2e529affa16a6ad62b into main; new HEAD 09ab804ad5d37616dc80fc2e529affa16a6ad62b.","serial":404835181,"token":4},"seq":56}
{"now_unix":1778685477,"path":"/task_claim","request":{"agent_id":"agent-3","serial":604165259},"seq":57}
{"now_unix":1778685481,"path":"/task_heartbeat","request":{"agent_id":"agent-2","id":"t/0005","serial":771532729,"token":5},"seq":58}
{"now_unix":1778685484,"path":"/task_claim","request":{"agent_id":"agent-1","serial":621654809},"seq":59}
{"now_unix":1778685485,"path":"/main_lock_acquire","request":{"agent_id":"agent-2","merge_task":"t/0005","merge_token":5,"serial":789135413},"seq":60}
{"now_unix":1778685487,"path":"/task_claim","request":{"agent_id":"agent-1","serial":507914259},"seq":61}
{"now_unix":1778685488,"path":"/task_claim","request":{"agent_id":"agent-3","serial":425450852},"seq":62}
{"now_unix":1778685489,"path":"/main_lock_release","request":{"agent_id":"agent-2","lock_token":7,"serial":553494917},"seq":63}
{"now_unix":1778685491,"path":"/task_heartbeat","request":{"agent_id":"agent-2","id":"t/0005","serial":746632946,"token":5},"seq":64}
{"now_unix":1778685497,"path":"/task_claim","request":{"agent_id":"agent-1","serial":276190586},"seq":65}
{"now_unix":1778685498,"path":"/task_claim","request":{"agent_id":"agent-3","serial":929404813},"seq":66}
{"now_unix":1778685501,"path":"/task_heartbeat","request":{"agent_id":"agent-2","id":"t/0005","serial":954479612,"token":5},"seq":67}
{"now_unix":1778685507,"path":"/main_lock_acquire","request":{"agent_id":"agent-2","merge_task":"t/0005","merge_token":5,"serial":398625898},"seq":68}
{"now_unix":1778685507,"path":"/task_claim","request":{"agent_id":"agent-1","serial":688729137},"seq":69}
{"now_unix":1778685508,"path":"/task_claim","request":{"agent_id":"agent-3","serial":629638267},"seq":70}
{"now_unix":1778685511,"path":"/task_heartbeat","request":{"agent_id":"agent-2","id":"t/0005","serial":1055184846,"token":5},"seq":71}
{"now_unix":1778685517,"path":"/task_claim","request":{"agent_id":"agent-1","serial":101864415},"seq":72}
{"now_unix":1778685518,"path":"/task_claim","request":{"agent_id":"agent-3","serial":635213658},"seq":73}
{"now_unix":1778685521,"path":"/task_heartbeat","request":{"agent_id":"agent-2","id":"t/0005","serial":500373145,"token":5},"seq":74}
{"now_unix":1778685528,"path":"/task_claim","request":{"agent_id":"agent-1","serial":810349993},"seq":75}
{"now_unix":1778685528,"path":"/task_claim","request":{"agent_id":"agent-3","serial":983566346},"seq":76}
{"now_unix":1778685531,"path":"/task_heartbeat","request":{"agent_id":"agent-2","id":"t/0005","serial":163377954,"token":5},"seq":77}
{"now_unix":1778685538,"path":"/task_claim","request":{"agent_id":"agent-1","serial":276428002},"seq":78}
{"now_unix":1778685538,"path":"/task_claim","request":{"agent_id":"agent-3","serial":517421920},"seq":79}
{"now_unix":1778685541,"path":"/task_heartbeat","request":{"agent_id":"agent-2","id":"t/0005","serial":215636026,"token":5},"seq":80}
{"now_unix":1778685550,"path":"/task_claim","request":{"agent_id":"agent-1","serial":533813839},"seq":81}
{"now_unix":1778685550,"path":"/task_claim","request":{"agent_id":"agent-3","serial":587563895},"seq":82}
{"now_unix":1778685552,"path":"/task_heartbeat","request":{"agent_id":"agent-2","id":"t/0005","serial":958155801,"token":5},"seq":83}
{"now_unix":1778685560,"path":"/task_claim","request":{"agent_id":"agent-1","serial":292479305},"seq":84}
{"now_unix":1778685560,"path":"/task_claim","request":{"agent_id":"agent-3","serial":99970204},"seq":85}
{"now_unix":1778685560,"path":"/main_lock_release","request":{"agent_id":"agent-2","lock_token":8,"serial":523922389},"seq":86}
{"now_unix":1778685560,"path":"/task_complete","request":{"agent_id":"agent-2","id":"t/0005","result_branch":"cd0bf2c708f4494563cb16fd8b5b3f12025a55be","result_summary":"Merged c86af02540ff6d0288914f64baa67d8f3b019d33 into main; resolved calc/ops.py conflict by keeping ValueError in divide() and adding evaluate() with ZeroDivisionError for division; all 24 tests pass; new HEAD cd0bf2c708f4494563cb16fd8b5b3f12025a55be.","serial":915799120,"token":5},"seq":87}
{"now_unix":1778685570,"path":"/task_claim","request":{"agent_id":"agent-1","serial":826186165},"seq":88}
{"now_unix":1778685570,"path":"/task_claim","request":{"agent_id":"agent-3","serial":322028218},"seq":89}
{"now_unix":1778685573,"path":"/task_claim","request":{"agent_id":"agent-2","serial":129234064},"seq":90}
{"now_unix":1778685579,"path":"/task_claim","request":{"agent_id":"agent-2","serial":382427932},"seq":91}
{"now_unix":1778685580,"path":"/task_claim","request":{"agent_id":"agent-1","serial":950440557},"seq":92}
{"now_unix":1778685580,"path":"/task_claim","request":{"agent_id":"agent-3","serial":887597527},"seq":93}
{"now_unix":1778685589,"path":"/task_claim","request":{"agent_id":"agent-2","serial":444159898},"seq":94}
{"now_unix":1778685590,"path":"/task_claim","request":{"agent_id":"agent-3","serial":358428857},"seq":95}
{"now_unix":1778685590,"path":"/task_claim","request":{"agent_id":"agent-1","serial":612588462},"seq":96}
{"now_unix":1778685599,"path":"/task_claim","request":{"agent_id":"agent-2","serial":379595057},"seq":97}
{"now_unix":1778685600,"path":"/task_claim","request":{"agent_id":"agent-1","serial":555827655},"seq":98}
{"now_unix":1778685600,"path":"/task_claim","request":{"agent_id":"agent-3","serial":913173626},"seq":99}
{"now_unix":1778685609,"path":"/task_claim","request":{"agent_id":"agent-2","serial":568167296},"seq":100}
{"now_unix":1778685611,"path":"/task_claim","request":{"agent_id":"agent-1","serial":589713166},"seq":101}
{"now_unix":1778685611,"path":"/task_claim","request":{"agent_id":"agent-3","serial":595805967},"seq":102}
{"now_unix":1778685620,"path":"/task_claim","request":{"agent_id":"agent-2","serial":821489168},"seq":103}
{"now_unix":1778685621,"path":"/task_claim","request":{"agent_id":"agent-3","serial":345718042},"seq":104}
{"now_unix":1778685621,"path":"/task_claim","request":{"agent_id":"agent-1","serial":24179594},"seq":105}
{"now_unix":1778685630,"path":"/task_claim","request":{"agent_id":"agent-2","serial":784937310},"seq":106}
{"now_unix":1778685631,"path":"/task_claim","request":{"agent_id":"agent-3","serial":402429855},"seq":107}
{"now_unix":1778685631,"path":"/task_claim","request":{"agent_id":"agent-1","serial":824582750},"seq":108}
{"now_unix":1778685640,"path":"/task_claim","request":{"agent_id":"agent-2","serial":181592855},"seq":109}
{"now_unix":1778685641,"path":"/task_claim","request":{"agent_id":"agent-1","serial":534065996},"seq":110}
{"now_unix":1778685641,"path":"/task_claim","request":{"agent_id":"agent-3","serial":1070041851},"seq":111}
{"now_unix":1778685650,"path":"/task_claim","request":{"agent_id":"agent-2","serial":577065515},"seq":112}
{"now_unix":1778685651,"path":"/task_claim","request":{"agent_id":"agent-1","serial":278315623},"seq":113}
{"now_unix":1778685651,"path":"/task_claim","request":{"agent_id":"agent-3","serial":866686907},"seq":114}
{"now_unix":1778685660,"path":"/task_claim","request":{"agent_id":"agent-2","serial":935065555},"seq":115}
{"now_unix":1778685661,"path":"/task_claim","request":{"agent_id":"agent-3","serial":63492487},"seq":116}
{"now_unix":1778685661,"path":"/task_claim","request":{"agent_id":"agent-1","serial":423515568},"seq":117}
{"now_unix":1778685670,"path":"/task_claim","request":{"agent_id":"agent-2","serial":101133322},"seq":118}
{"now_unix":1778685671,"path":"/task_claim","request":{"agent_id":"agent-3","serial":774508967},"seq":119}
{"now_unix":1778685671,"path":"/task_claim","request":{"agent_id":"agent-1","serial":1014116387},"seq":120}
{"now_unix":1778685680,"path":"/task_claim","request":{"agent_id":"agent-2","serial":9485733},"seq":121}
{"now_unix":1778685681,"path":"/task_claim","request":{"agent_id":"agent-1","serial":524683547},"seq":122}
{"now_unix":1778685681,"path":"/task_claim","request":{"agent_id":"agent-3","serial":933910755},"seq":123}
{"now_unix":1778685690,"path":"/task_claim","request":{"agent_id":"agent-2","serial":186076738},"seq":124}
{"now_unix":1778685692,"path":"/task_claim","request":{"agent_id":"agent-1","serial":552640631},"seq":125}
{"now_unix":1778685692,"path":"/task_claim","request":{"agent_id":"agent-3","serial":1059855309},"seq":126}
{"now_unix":1778685701,"path":"/task_claim","request":{"agent_id":"agent-2","serial":355862552},"seq":127}
{"now_unix":1778685702,"path":"/task_claim","request":{"agent_id":"agent-1","serial":848091292},"seq":128}
{"now_unix":1778685702,"path":"/task_claim","request":{"agent_id":"agent-3","serial":345469303},"seq":129}
{"now_unix":1778685711,"path":"/task_claim","request":{"agent_id":"agent-2","serial":752927460},"seq":130}
{"now_unix":1778685712,"path":"/task_claim","request":{"agent_id":"agent-3","serial":680471186},"seq":131}
{"now_unix":1778685712,"path":"/task_claim","request":{"agent_id":"agent-1","serial":868864820},"seq":132}
{"now_unix":1778685721,"path":"/task_claim","request":{"agent_id":"agent-2","serial":755709527},"seq":133}
{"now_unix":1778685722,"path":"/task_claim","request":{"agent_id":"agent-1","serial":717754997},"seq":134}
{"now_unix":1778685722,"path":"/task_claim","request":{"agent_id":"agent-3","serial":1066359562},"seq":135}
{"now_unix":1778685731,"path":"/task_claim","request":{"agent_id":"agent-2","serial":921680092},"seq":136}
{"now_unix":1778685732,"path":"/task_claim","request":{"agent_id":"agent-3","serial":262800934},"seq":137}
{"now_unix":1778685732,"path":"/task_claim","request":{"agent_id":"agent-1","serial":739618109},"seq":138}
{"now_unix":1778685741,"path":"/task_claim","request":{"agent_id":"agent-2","serial":362225180},"seq":139}
{"now_unix":1778685743,"path":"/task_claim","request":{"agent_id":"agent-3","serial":522216650},"seq":140}
{"now_unix":1778685743,"path":"/task_claim","request":{"agent_id":"agent-1","serial":886524357},"seq":141}
{"now_unix":1778685751,"path":"/task_claim","request":{"agent_id":"agent-2","serial":658509770},"seq":142}
{"now_unix":1778685753,"path":"/task_claim","request":{"agent_id":"agent-1","serial":65994304},"seq":143}
{"now_unix":1778685753,"path":"/task_claim","request":{"agent_id":"agent-3","serial":682075883},"seq":144}
{"now_unix":1778685762,"path":"/task_claim","request":{"agent_id":"agent-2","serial":220559294},"seq":145}
{"now_unix":1778685763,"path":"/task_claim","request":{"agent_id":"agent-3","serial":370553445},"seq":146}
{"now_unix":1778685763,"path":"/task_claim","request":{"agent_id":"agent-1","serial":81854300},"seq":147}
{"now_unix":1778685772,"path":"/task_claim","request":{"agent_id":"agent-2","serial":390689215},"seq":148}
{"now_unix":1778685773,"path":"/task_claim","request":{"agent_id":"agent-3","serial":7712506},"seq":149}
{"now_unix":1778685773,"path":"/task_claim","request":{"agent_id":"agent-1","serial":364018645},"seq":150}
{"now_unix":1778685782,"path":"/task_claim","request":{"agent_id":"agent-2","serial":802518730},"seq":151}
{"now_unix":1778685783,"path":"/task_claim","request":{"agent_id":"agent-3","serial":81111749},"seq":152}
{"now_unix":1778685783,"path":"/task_claim","request":{"agent_id":"agent-1","serial":334348554},"seq":153}
{"now_unix":1778685792,"path":"/task_claim","request":{"agent_id":"agent-2","serial":97367320},"seq":154}
{"now_unix":1778685793,"path":"/task_claim","request":{"agent_id":"agent-1","serial":465752902},"seq":155}
{"now_unix":1778685793,"path":"/task_claim","request":{"agent_id":"agent-3","serial":914930427},"seq":156}
{"now_unix":1778685802,"path":"/task_claim","request":{"agent_id":"agent-2","serial":744823576},"seq":157}
{"now_unix":1778685803,"path":"/task_claim","request":{"agent_id":"agent-3","serial":858608482},"seq":158}
{"now_unix":1778685803,"path":"/task_claim","request":{"agent_id":"agent-1","serial":396052478},"seq":159}
{"now_unix":1778685812,"path":"/task_claim","request":{"agent_id":"agent-2","serial":2249178},"seq":160}
{"now_unix":1778685814,"path":"/task_claim","request":{"agent_id":"agent-3","serial":1022976667},"seq":161}
{"now_unix":1778685814,"path":"/task_claim","request":{"agent_id":"agent-1","serial":1043616832},"seq":162}
{"now_unix":1778685822,"path":"/task_claim","request":{"agent_id":"agent-2","serial":347762904},"seq":163}
{"now_unix":1778685824,"path":"/task_claim","request":{"agent_id":"agent-1","serial":132763714},"seq":164}
{"now_unix":1778685824,"path":"/task_claim","request":{"agent_id":"agent-3","serial":450036615},"seq":165}
{"now_unix":1778685833,"path":"/task_claim","request":{"agent_id":"agent-2","serial":335135727},"seq":166}
{"now_unix":1778685834,"path":"/task_claim","request":{"agent_id":"agent-3","serial":347164608},"seq":167}
{"now_unix":1778685834,"path":"/task_claim","request":{"agent_id":"agent-1","serial":642447366},"seq":168}
{"now_unix":1778685843,"path":"/task_claim","request":{"agent_id":"agent-2","serial":298564723},"seq":169}
{"now_unix":1778685844,"path":"/task_claim","request":{"agent_id":"agent-1","serial":849272860},"seq":170}
{"now_unix":1778685844,"path":"/task_claim","request":{"agent_id":"agent-3","serial":626566540},"seq":171}
{"now_unix":1778685853,"path":"/task_claim","request":{"agent_id":"agent-2","serial":846000873},"seq":172}
{"now_unix":1778685854,"path":"/task_claim","request":{"agent_id":"agent-1","serial":478797781},"seq":173}
{"now_unix":1778685854,"path":"/task_claim","request":{"agent_id":"agent-3","serial":606224032},"seq":174}
{"now_unix":1778685863,"path":"/task_claim","request":{"agent_id":"agent-2","serial":662635769},"seq":175}
{"now_unix":1778685864,"path":"/task_claim","request":{"agent_id":"agent-3","serial":607254304},"seq":176}
{"now_unix":1778685864,"path":"/task_claim","request":{"agent_id":"agent-1","serial":365043035},"seq":177}
{"now_unix":1778685873,"path":"/task_claim","request":{"agent_id":"agent-2","serial":128976599},"seq":178}
{"now_unix":1778685874,"path":"/task_claim","request":{"agent_id":"agent-1","serial":291152953},"seq":179}
{"now_unix":1778685874,"path":"/task_claim","request":{"agent_id":"agent-3","serial":524690523},"seq":180}
{"now_unix":1778685883,"path":"/task_claim","request":{"agent_id":"agent-2","serial":208539002},"seq":181}
{"now_unix":1778685885,"path":"/task_claim","request":{"agent_id":"agent-3","serial":572879564},"seq":182}
{"now_unix":1778685885,"path":"/task_claim","request":{"agent_id":"agent-1","serial":114857652},"seq":183}
{"now_unix":1778685893,"path":"/task_claim","request":{"agent_id":"agent-2","serial":975815981},"seq":184}
{"now_unix":1778685895,"path":"/task_claim","request":{"agent_id":"agent-3","serial":217729931},"seq":185}
{"now_unix":1778685895,"path":"/task_claim","request":{"agent_id":"agent-1","serial":37973301},"seq":186}
{"now_unix":1778685904,"path":"/task_claim","request":{"agent_id":"agent-2","serial":346435662},"seq":187}
{"now_unix":1778685905,"path":"/task_claim","request":{"agent_id":"agent-3","serial":417856452},"seq":188}
{"now_unix":1778685905,"path":"/task_claim","request":{"agent_id":"agent-1","serial":745283324},"seq":189}
{"now_unix":1778685914,"path":"/task_claim","request":{"agent_id":"agent-2","serial":456952915},"seq":190}
{"now_unix":1778685915,"path":"/task_claim","request":{"agent_id":"agent-3","serial":1020252579},"seq":191}
{"now_unix":1778685915,"path":"/task_claim","request":{"agent_id":"agent-1","serial":1005860805},"seq":192}
